
Discarded input sections

 .text          0x00000000        0x0 build/obj/crt0.o
 .data          0x00000000        0x0 build/obj/crt0.o
 .bss           0x00000000        0x0 build/obj/crt0.o
 .text.__early_init
                0x00000000       0x10 build/obj/crt0.o
 .text          0x00000000        0x0 build/obj/vectors.o
 .data          0x00000000        0x0 build/obj/vectors.o
 .bss           0x00000000        0x0 build/obj/vectors.o
 .text          0x00000000        0x0 build/obj/chcore.o
 .data          0x00000000        0x0 build/obj/chcore.o
 .bss           0x00000000        0x0 build/obj/chcore.o
 .text          0x00000000        0x0 build/obj/chcore_v7m.o
 .data          0x00000000        0x0 build/obj/chcore_v7m.o
 .bss           0x00000000        0x0 build/obj/chcore_v7m.o
 .text          0x00000000        0x0 build/obj/nvic.o
 .data          0x00000000        0x0 build/obj/nvic.o
 .bss           0x00000000        0x0 build/obj/nvic.o
 .text.nvicDisableVector
                0x00000000       0x40 build/obj/nvic.o
 .text          0x00000000        0x0 build/obj/chsys.o
 .data          0x00000000        0x0 build/obj/chsys.o
 .bss           0x00000000        0x0 build/obj/chsys.o
 .text          0x00000000        0x0 build/obj/chdebug.o
 .data          0x00000000        0x0 build/obj/chdebug.o
 .bss           0x00000000        0x0 build/obj/chdebug.o
 .text.dbg_check_disable
                0x00000000       0x30 build/obj/chdebug.o
 .text.dbg_check_suspend
                0x00000000       0x30 build/obj/chdebug.o
 .text          0x00000000        0x0 build/obj/chlists.o
 .data          0x00000000        0x0 build/obj/chlists.o
 .bss           0x00000000        0x0 build/obj/chlists.o
 .debug_info    0x00000000       0x79 build/obj/chlists.o
 .debug_abbrev  0x00000000       0x26 build/obj/chlists.o
 .debug_aranges
                0x00000000       0x18 build/obj/chlists.o
 .debug_line    0x00000000       0x1d build/obj/chlists.o
 .debug_str     0x00000000      0x13c build/obj/chlists.o
 .comment       0x00000000       0x71 build/obj/chlists.o
 .ARM.attributes
                0x00000000       0x33 build/obj/chlists.o
 .text          0x00000000        0x0 build/obj/chvt.o
 .data          0x00000000        0x0 build/obj/chvt.o
 .bss           0x00000000        0x0 build/obj/chvt.o
 .text          0x00000000        0x0 build/obj/chschd.o
 .data          0x00000000        0x0 build/obj/chschd.o
 .bss           0x00000000        0x0 build/obj/chschd.o
 .text.chSchRescheduleS
                0x00000000       0x30 build/obj/chschd.o
 .text          0x00000000        0x0 build/obj/chthreads.o
 .data          0x00000000        0x0 build/obj/chthreads.o
 .bss           0x00000000        0x0 build/obj/chthreads.o
 .text._thread_memfill
                0x00000000       0x40 build/obj/chthreads.o
 .text.chThdSetPriority
                0x00000000       0x50 build/obj/chthreads.o
 .text.chThdResume
                0x00000000       0x40 build/obj/chthreads.o
 .text.chThdTerminate
                0x00000000       0x30 build/obj/chthreads.o
 .text.chThdSleepUntil
                0x00000000       0x30 build/obj/chthreads.o
 .text.chThdYield
                0x00000000       0x30 build/obj/chthreads.o
 .text.chThdWait
                0x00000000       0x80 build/obj/chthreads.o
 .text          0x00000000        0x0 build/obj/chdynamic.o
 .data          0x00000000        0x0 build/obj/chdynamic.o
 .bss           0x00000000        0x0 build/obj/chdynamic.o
 .text.chThdAddRef
                0x00000000       0x40 build/obj/chdynamic.o
 .text.chThdRelease
                0x00000000       0x80 build/obj/chdynamic.o
 .text.chThdCreateFromHeap
                0x00000000       0x70 build/obj/chdynamic.o
 .text.chThdCreateFromMemoryPool
                0x00000000       0x80 build/obj/chdynamic.o
 .rodata.str1.4
                0x00000000       0x48 build/obj/chdynamic.o
 .debug_info    0x00000000      0xa77 build/obj/chdynamic.o
 .debug_abbrev  0x00000000      0x24d build/obj/chdynamic.o
 .debug_loc     0x00000000      0x374 build/obj/chdynamic.o
 .debug_aranges
                0x00000000       0x38 build/obj/chdynamic.o
 .debug_ranges  0x00000000       0x40 build/obj/chdynamic.o
 .debug_line    0x00000000      0x28c build/obj/chdynamic.o
 .debug_str     0x00000000      0x455 build/obj/chdynamic.o
 .comment       0x00000000       0x71 build/obj/chdynamic.o
 .ARM.attributes
                0x00000000       0x33 build/obj/chdynamic.o
 .debug_frame   0x00000000       0xa0 build/obj/chdynamic.o
 .text          0x00000000        0x0 build/obj/chregistry.o
 .data          0x00000000        0x0 build/obj/chregistry.o
 .bss           0x00000000        0x0 build/obj/chregistry.o
 .text.chRegFirstThread
                0x00000000       0x30 build/obj/chregistry.o
 .text.chRegNextThread
                0x00000000       0x50 build/obj/chregistry.o
 .rodata.str1.4
                0x00000000       0x18 build/obj/chregistry.o
[...]
Memory Configuration

Name             Origin             Length             Attributes
flash            0x08000000         0x00040000
ram              0x20000000         0x0000a000
ccmram           0x10000000         0x00002000
*default*        0x00000000         0xffffffff

Linker script and memory map

LOAD build/obj/crt0.o
LOAD build/obj/vectors.o
LOAD build/obj/chcore.o
LOAD build/obj/chcore_v7m.o
LOAD build/obj/nvic.o
LOAD build/obj/chsys.o
LOAD build/obj/chdebug.o
LOAD build/obj/chlists.o
LOAD build/obj/chvt.o
LOAD build/obj/chschd.o
LOAD build/obj/chthreads.o
LOAD build/obj/chdynamic.o
LOAD build/obj/chregistry.o
LOAD build/obj/chsem.o
LOAD build/obj/chmtx.o
LOAD build/obj/chcond.o
LOAD build/obj/chevents.o
LOAD build/obj/chmsg.o
LOAD build/obj/chmboxes.o
LOAD build/obj/chqueues.o
LOAD build/obj/chmemcore.o
LOAD build/obj/chheap.o
LOAD build/obj/chmempools.o
LOAD build/obj/hal.o
LOAD build/obj/adc.o
LOAD build/obj/can.o
LOAD build/obj/ext.o
LOAD build/obj/gpt.o
LOAD build/obj/i2c.o
LOAD build/obj/icu.o
LOAD build/obj/mac.o
LOAD build/obj/mmc_spi.o
LOAD build/obj/mmcsd.o
LOAD build/obj/pal.o
LOAD build/obj/pwm.o
LOAD build/obj/rtc.o
LOAD build/obj/sdc.o
LOAD build/obj/serial.o
LOAD build/obj/serial_usb.o
LOAD build/obj/spi.o
LOAD build/obj/tm.o
LOAD build/obj/uart.o
LOAD build/obj/usb.o
LOAD build/obj/stm32_dma.o
LOAD build/obj/hal_lld.o
LOAD build/obj/adc_lld.o
LOAD build/obj/ext_lld_isr.o
LOAD build/obj/can_lld.o
LOAD build/obj/ext_lld.o
LOAD build/obj/pal_lld.o
LOAD build/obj/i2c_lld.o
LOAD build/obj/rtc_lld.o
LOAD build/obj/spi_lld.o
LOAD build/obj/gpt_lld.o
LOAD build/obj/icu_lld.o
LOAD build/obj/pwm_lld.o
LOAD build/obj/serial_lld.o
LOAD build/obj/uart_lld.o
LOAD build/obj/usb_lld.o
LOAD build/obj/board.o
LOAD build/obj/main.o
                0x00000400                __main_stack_size__ = 0x400
                0x00000400                __process_stack_size__ = 0x400
                0x20000000                __ram_start__ = ORIGIN (ram)
                0x0000a000                __ram_size__ = 0xa000
                0x2000a000                __ram_end__ = (__ram_start__ + __ram_size__)
                0x00000000                . = 0x0
                0x00000000                _text = .

startup         0x08000000      0x188
 *(vectors)
 vectors        0x08000000      0x188 build/obj/vectors.o
                0x08000000                _vectors

constructors    0x08000188        0x0
                0x08000188                PROVIDE (__init_array_start, .)
 *(SORT(.init_array.*))
 *(.init_array)
                0x08000188                PROVIDE (__init_array_end, .)

destructors     0x08000188        0x0
                0x08000188                PROVIDE (__fini_array_start, .)
 *(.fini_array)
 *(SORT(.fini_array.*))
                0x08000188                PROVIDE (__fini_array_end, .)

.text           0x08000190     0x24a8
 *(.text.startup.*)
 .text.startup.main
                0x08000190       0x80 build/obj/main.o
                0x08000190                main
 *(.text)
 *(.text.*)
 .text.__late_init
                0x08000210       0x10 build/obj/crt0.o
                0x08000210                __late_init
 .text._default_exit
                0x08000220       0x10 build/obj/crt0.o
                0x08000220                _default_exit
 .text.ResetHandler
                0x08000230      0x1d0 build/obj/crt0.o
                0x08000230                ResetHandler
 .text._unhandled_exception
                0x08000400       0x10 build/obj/vectors.o
                0x08000400                Vector58
                0x08000400                VectorE8
                0x08000400                Vector9C
                0x08000400                VectorAC
                0x08000400                Vector5C
                0x08000400                NMIVector
                0x08000400                Vector11C
                0x08000400                Vector8C
                0x08000400                VectorDC
                0x08000400                Vector168
                0x08000400                Vector110
                0x08000400                VectorC8
                0x08000400                Vector94
                0x08000400                VectorA8
                0x08000400                VectorB4
                0x08000400                Vector160
                0x08000400                VectorEC
                0x08000400                UsageFaultVector
                0x08000400                DebugMonitorVector
                0x08000400                Vector40
                0x08000400                VectorF8
                0x08000400                Vector108
                0x08000400                VectorBC
                0x08000400                Vector150
                0x08000400                Vector148
                0x08000400                PendSVVector
                0x08000400                Vector118
                0x08000400                Vector64
                0x08000400                VectorCC
                0x08000400                Vector54
                0x08000400                Vector98
                0x08000400                VectorD8
                0x08000400                Vector138
                0x08000400                Vector24
                0x08000400                Vector178
                0x08000400                BusFaultVector
                0x08000400                VectorD0
                0x08000400                Vector140
                0x08000400                VectorE4
                0x08000400                VectorC0
                0x08000400                Vector158
                0x08000400                HardFaultVector
                0x08000400                VectorF0
                0x08000400                Vector13C
                0x08000400                Vector100
                0x08000400                VectorE0
                0x08000400                VectorF4
                0x08000400                MemManageVector
                0x08000400                VectorA0
                0x08000400                VectorC4
                0x08000400                Vector180
                0x08000400                VectorB0
                0x08000400                Vector90
                0x08000400                Vector114
                0x08000400                Vector164
                0x08000400                Vector60
                0x08000400                Vector1C
                0x08000400                Vector17C
                0x08000400                Vector48
                0x08000400                Vector16C
                0x08000400                VectorD4
                0x08000400                Vector4C
                0x08000400                Vector144
                0x08000400                Vector15C
                0x08000400                Vector68
                0x08000400                _unhandled_exception
                0x08000400                Vector170
                0x08000400                Vector104
                0x08000400                Vector184
                0x08000400                Vector10C
                0x08000400                Vector14C
                0x08000400                Vector50
                0x08000400                Vector154
                0x08000400                Vector44
                0x08000400                Vector28
                0x08000400                VectorB8
                0x08000400                Vector34
                0x08000400                VectorA4
                0x08000400                Vector20
                0x08000400                Vector174
 .text.port_halt
                0x08000410       0x10 build/obj/chcore.o
                0x08000410                port_halt
 .text._port_switch_from_isr
                0x08000420       0x10 build/obj/chcore_v7m.o
                0x08000420                _port_switch_from_isr
 .text.SVCallVector
                0x08000430       0x20 build/obj/chcore_v7m.o
                0x08000430                SVCallVector
 .text._port_init
                0x08000450       0x40 build/obj/chcore_v7m.o
                0x08000450                _port_init
 .text._port_irq_epilogue
                0x08000490       0x80 build/obj/chcore_v7m.o
                0x08000490                _port_irq_epilogue
 .text.SysTickVector
                0x08000510       0x30 build/obj/chcore_v7m.o
                0x08000510                SysTickVector
 .text._port_switch
                0x08000540       0x10 build/obj/chcore_v7m.o
                0x08000540                _port_switch
 .text._port_thread_start
                0x08000550       0x20 build/obj/chcore_v7m.o
                0x08000550                _port_thread_start
 .text.nvicEnableVector
                0x08000570       0x50 build/obj/nvic.o
                0x08000570                nvicEnableVector
 .text.nvicSetSystemHandlerPriority
                0x080005c0       0x30 build/obj/nvic.o
                0x080005c0                nvicSetSystemHandlerPriority
 .text._idle_thread
                0x080005f0       0x20 build/obj/chsys.o
                0x080005f0                _idle_thread
 .text.chSysInit
                0x08000610       0x80 build/obj/chsys.o
                0x08000610                chSysInit
 .text.chSysTimerHandlerI
                0x08000690       0x70 build/obj/chsys.o
                0x08000690                chSysTimerHandlerI
 .text.dbg_check_enable
                0x08000700       0x30 build/obj/chdebug.o
                0x08000700                dbg_check_enable
 .text.dbg_check_lock
                0x08000730       0x30 build/obj/chdebug.o
                0x08000730                dbg_check_lock
 .text.dbg_check_unlock
                0x08000760       0x40 build/obj/chdebug.o
                0x08000760                dbg_check_unlock
 .text.dbg_check_lock_from_isr
                0x080007a0       0x30 build/obj/chdebug.o
                0x080007a0                dbg_check_lock_from_isr
 .text.dbg_check_unlock_from_isr
                0x080007d0       0x40 build/obj/chdebug.o
                0x080007d0                dbg_check_unlock_from_isr
 .text.dbg_check_enter_isr
                0x08000810       0x40 build/obj/chdebug.o
                0x08000810                dbg_check_enter_isr
 .text.dbg_check_leave_isr
                0x08000850       0x40 build/obj/chdebug.o
                0x08000850                dbg_check_leave_isr
 .text.chDbgCheckClassI
                0x08000890       0x30 build/obj/chdebug.o
                0x08000890                chDbgCheckClassI
 .text.chDbgCheckClassS
                0x080008c0       0x30 build/obj/chdebug.o
                0x080008c0                chDbgCheckClassS
 .text._trace_init
                0x080008f0       0x20 build/obj/chdebug.o
                0x080008f0                _trace_init
 .text.dbg_trace
                0x08000910       0x40 build/obj/chdebug.o
                0x08000910                dbg_trace
 .text.chDbgPanic
                0x08000950       0x10 build/obj/chdebug.o
                0x08000950                chDbgPanic
 .text._vt_init
                0x08000960       0x20 build/obj/chvt.o
                0x08000960                _vt_init
 .text.chVTSetI
                0x08000980       0x60 build/obj/chvt.o
                0x08000980                chVTSetI
 .text.chVTResetI
                0x080009e0       0x50 build/obj/chvt.o
                0x080009e0                chVTResetI
 .text._scheduler_init
                0x08000a30       0x20 build/obj/chschd.o
                0x08000a30                _scheduler_init
 .text.chSchReadyI
                0x08000a50       0x50 build/obj/chschd.o
                0x08000a50                chSchReadyI
 .text.wakeup   0x08000aa0       0x60 build/obj/chschd.o
 .text.chSchGoSleepS
                0x08000b00       0x50 build/obj/chschd.o
                0x08000b00                chSchGoSleepS
 .text.chSchGoSleepTimeoutS
                0x08000b50       0x50 build/obj/chschd.o
                0x08000b50                chSchGoSleepTimeoutS
 .text.chSchWakeupS
                0x08000ba0       0x60 build/obj/chschd.o
                0x08000ba0                chSchWakeupS
 .text.chSchDoRescheduleBehind
                0x08000c00       0x50 build/obj/chschd.o
                0x08000c00                chSchDoRescheduleBehind
 .text.chSchDoRescheduleAhead
                0x08000c50       0x60 build/obj/chschd.o
                0x08000c50                chSchDoRescheduleAhead
 .text.chSchDoReschedule
                0x08000cb0       0x20 build/obj/chschd.o
                0x08000cb0                chSchDoReschedule
 .text._thread_init
                0x08000cd0       0x60 build/obj/chthreads.o
                0x08000cd0                _thread_init
 .text.chThdCreateI
                0x08000d30       0xb0 build/obj/chthreads.o
                0x08000d30                chThdCreateI
 .text.chThdCreateStatic
                0x08000de0       0xa0 build/obj/chthreads.o
                0x08000de0                chThdCreateStatic
 .text.chThdSleep
                0x08000e80       0x30 build/obj/chthreads.o
                0x08000e80                chThdSleep
 .text.chThdExitS
                0x08000eb0       0x50 build/obj/chthreads.o
                0x08000eb0                chThdExitS
 .text.chThdExit
                0x08000f00       0x20 build/obj/chthreads.o
                0x08000f00                chThdExit
 .text.chMtxInit
                0x08000f20       0x20 build/obj/chmtx.o
                0x08000f20                chMtxInit
 .text._core_init
                0x08000f40       0x30 build/obj/chmemcore.o
                0x08000f40                _core_init
 .text.chCoreAllocI
                0x08000f70       0x30 build/obj/chmemcore.o
                0x08000f70                chCoreAllocI
 .text.chCoreAlloc
                0x08000fa0       0x30 build/obj/chmemcore.o
                0x08000fa0                chCoreAlloc
 .text._heap_init
                0x08000fd0       0x20 build/obj/chheap.o
                0x08000fd0                _heap_init
 .text.halInit  0x08000ff0       0x30 build/obj/hal.o
                0x08000ff0                halInit
 .text.halPolledDelay
                0x08001020       0x30 build/obj/hal.o
                0x08001020                halPolledDelay
 .text.adcInit  0x08001050       0x10 build/obj/adc.o
                0x08001050                adcInit
 .text.adcObjectInit
                0x08001060       0x20 build/obj/adc.o
                0x08001060                adcObjectInit
 .text.adcStart
                0x08001080       0x50 build/obj/adc.o
                0x08001080                adcStart
 .text.adcStartConversionI
                0x080010d0       0x60 build/obj/adc.o
                0x080010d0                adcStartConversionI
 .text.adcStartConversion
                0x08001130       0x30 build/obj/adc.o
                0x08001130                adcStartConversion
 .text.adcConvert
                0x08001160       0x60 build/obj/adc.o
                0x08001160                adcConvert
 .text.tm_start
                0x080011c0       0x10 build/obj/tm.o
 .text.tm_stop  0x080011d0       0x40 build/obj/tm.o
 .text.tmInit   0x08001210       0x50 build/obj/tm.o
                0x08001210                tmInit
 .text.Vector6C
                0x08001260       0x30 build/obj/stm32_dma.o
                0x08001260                Vector6C
 .text.Vector70
                0x08001290       0x30 build/obj/stm32_dma.o
                0x08001290                Vector70
 .text.Vector74
                0x080012c0       0x30 build/obj/stm32_dma.o
                0x080012c0                Vector74
 .text.Vector78
                0x080012f0       0x30 build/obj/stm32_dma.o
                0x080012f0                Vector78
 .text.Vector7C
                0x08001320       0x30 build/obj/stm32_dma.o
                0x08001320                Vector7C
 .text.Vector80
                0x08001350       0x30 build/obj/stm32_dma.o
                0x08001350                Vector80
 .text.Vector84
                0x08001380       0x30 build/obj/stm32_dma.o
                0x08001380                Vector84
 .text.Vector120
                0x080013b0       0x30 build/obj/stm32_dma.o
                0x080013b0                Vector120
 .text.Vector124
                0x080013e0       0x40 build/obj/stm32_dma.o
                0x080013e0                Vector124
 .text.Vector128
                0x08001420       0x40 build/obj/stm32_dma.o
                0x08001420                Vector128
 .text.Vector12C
                0x08001460       0x40 build/obj/stm32_dma.o
                0x08001460                Vector12C
 .text.Vector130
                0x080014a0       0x40 build/obj/stm32_dma.o
                0x080014a0                Vector130
 .text.dmaInit  0x080014e0       0xf0 build/obj/stm32_dma.o
                0x080014e0                dmaInit
 .text.dmaStreamAllocate
                0x080015d0       0xb0 build/obj/stm32_dma.o
                0x080015d0                dmaStreamAllocate
 .text.hal_lld_init
                0x08001680       0xd0 build/obj/hal_lld.o
                0x08001680                hal_lld_init
 .text.stm32_clock_init
                0x08001750       0xc0 build/obj/hal_lld.o
                0x08001750                stm32_clock_init
 .text.adc_lld_init
                0x08001810       0x90 build/obj/adc_lld.o
                0x08001810                adc_lld_init
 .text.adc_lld_start
                0x080018a0      0x130 build/obj/adc_lld.o
                0x080018a0                adc_lld_start
 .text.adc_lld_start_conversion
                0x080019d0       0xd0 build/obj/adc_lld.o
                0x080019d0                adc_lld_start_conversion
 .text.adc_lld_stop_conversion
                0x08001aa0       0x40 build/obj/adc_lld.o
                0x08001aa0                adc_lld_stop_conversion
 .text.adc_lld_serve_dma_interrupt
                0x08001ae0       0xe0 build/obj/adc_lld.o
 .text.adc_lld_serve_interrupt
                0x08001bc0      0x160 build/obj/adc_lld.o
 .text.Vector134
                0x08001d20       0x30 build/obj/adc_lld.o
                0x08001d20                Vector134
 .text.VectorFC
                0x08001d50       0x30 build/obj/adc_lld.o
                0x08001d50                VectorFC
 .text.Vector88
                0x08001d80       0x40 build/obj/adc_lld.o
                0x08001d80                Vector88
 .text._pal_lld_init
                0x08001dc0      0x100 build/obj/pal_lld.o
                0x08001dc0                _pal_lld_init
 .text._pal_lld_setgroupmode
                0x08001ec0       0xd0 build/obj/pal_lld.o
                0x08001ec0                _pal_lld_setgroupmode
 .text.__early_init
                0x08001f90       0x10 build/obj/board.o
                0x08001f90                __early_init
 .text.boardInit
                0x08001fa0       0x10 build/obj/board.o
                0x08001fa0                boardInit
 .text.adccallback
                0x08001fb0       0x20 build/obj/main.o
 .text.adcerrorcallback
                0x08001fd0       0x10 build/obj/main.o
 .text.Thread1  0x08001fe0       0x40 build/obj/main.o
 *(.rodata)
 *(.rodata.*)
 .rodata.str1.4
                0x08002020        0x5 build/obj/chsys.o
                                  0x8 (size before relaxing)
 *fill*         0x08002025        0xb 00
 .rodata.str1.4
                0x08002030       0x56 build/obj/chdebug.o
                                 0x58 (size before relaxing)
 *fill*         0x08002086        0xa 00
 .rodata.str1.4
                0x08002090       0x31 build/obj/chvt.o
                                 0x34 (size before relaxing)
 *fill*         0x080020c1        0xf 00
 .rodata.str1.4
                0x080020d0       0x23 build/obj/chschd.o
                                 0x24 (size before relaxing)
 *fill*         0x080020f3        0xd 00
 .rodata.str1.4
                0x08002100       0x94 build/obj/chthreads.o
 *fill*         0x08002194        0xc 00
 .rodata.ch_debug
                0x080021a0       0x18 build/obj/chregistry.o
                0x080021a0                ch_debug
 *fill*         0x080021b8        0x8 00
 .rodata.str1.4
                0x080021c0       0xab build/obj/chmtx.o
                                 0xac (size before relaxing)
 *fill*         0x0800226b        0x5 00
 .rodata.str1.4
                0x08002270      0x10e build/obj/adc.o
                                0x110 (size before relaxing)
 *fill*         0x0800237e        0x2 00
 .rodata.str1.4
                0x08002380       0x47 build/obj/stm32_dma.o
                                 0x48 (size before relaxing)
 *fill*         0x080023c7        0x9 00
 .rodata._stm32_dma_streams
                0x080023d0       0x90 build/obj/stm32_dma.o
                0x080023d0                _stm32_dma_streams
 .rodata.str1.4
                0x08002460       0x77 build/obj/adc_lld.o
                                 0x78 (size before relaxing)
 *fill*         0x080024d7        0x9 00
 .rodata.pal_default_config
                0x080024e0       0xa8 build/obj/board.o
                0x080024e0                pal_default_config
 *fill*         0x08002588        0x8 00
 .rodata.adcgrpcfg1
                0x08002590       0x48 build/obj/main.o
 *fill*         0x080025d8        0x8 00
 .rodata.adcgrpcfg2
                0x080025e0       0x48 build/obj/main.o
 *fill*         0x08002628        0x8 00
 .rodata.str1.4
                0x08002630        0x8 build/obj/main.o
 *(.glue_7t)
 .glue_7t       0x00000000        0x0 linker stubs
 *(.glue_7)
 .glue_7        0x00000000        0x0 linker stubs
 *(.gcc*)

.vfp11_veneer   0x08002638        0x0
 .vfp11_veneer  0x00000000        0x0 linker stubs

.v4_bx          0x08002638        0x0
 .v4_bx         0x00000000        0x0 linker stubs

.iplt           0x08002638        0x0
 .iplt          0x00000000        0x0 build/obj/crt0.o

.rel.dyn        0x08002638        0x0
 .rel.iplt      0x00000000        0x0 build/obj/crt0.o

.ARM.extab
 *(.ARM.extab* .gnu.linkonce.armextab.*)

.ARM.exidx      0x08002638        0x0
                0x08002638                PROVIDE (__exidx_start, .)
 *(.ARM.exidx* .gnu.linkonce.armexidx.*)
                0x08002638                PROVIDE (__exidx_end, .)

.eh_frame_hdr
 *(.eh_frame_hdr)

.eh_frame
 *(.eh_frame)

.textalign      0x08002638        0x0
                0x08002638                . = ALIGN (0x8)
                0x08002638                . = ALIGN (0x4)
                0x08002638                _etext = .
                0x08002638                _textdata = _etext

.stacks         0x20000000      0x800
                0x20000000                . = ALIGN (0x8)
                0x20000000                __main_stack_base__ = .
                0x20000400                . = (. + __main_stack_size__)
 *fill*         0x20000000      0x400 00
                0x20000400                . = ALIGN (0x8)
                0x20000400                __main_stack_end__ = .
                0x20000400                __process_stack_base__ = .
                0x20000400                __main_thread_stack_base__ = .
                0x20000800                . = (. + __process_stack_size__)
 *fill*         0x20000400      0x400 00
                0x20000800                . = ALIGN (0x8)
                0x20000800                __process_stack_end__ = .
                0x20000800                __main_thread_stack_end__ = .

.data           0x20000800        0x0 load address 0x08002638
                0x20000800                . = ALIGN (0x4)
                0x20000800                PROVIDE (_data, .)
 *(.data)
                0x20000800                . = ALIGN (0x4)
 *(.data.*)
                0x20000800                . = ALIGN (0x4)
 *(.ramtext)
                0x20000800                . = ALIGN (0x4)
                0x20000800                PROVIDE (_edata, .)

.igot.plt       0x20000800        0x0 load address 0x08002638
 .igot.plt      0x00000000        0x0 build/obj/crt0.o

.bss            0x20000800      0xa10 load address 0x08002638
                0x20000800                . = ALIGN (0x4)
                0x20000800                PROVIDE (_bss_start, .)
 *(.bss)
                0x20000800                . = ALIGN (0x4)
 *(.bss.*)
 .bss.mainthread.4821
                0x20000800       0x4c build/obj/chsys.o
 *fill*         0x2000084c        0x4 00
 .bss._idle_thread_wa
                0x20000850       0xe0 build/obj/chsys.o
                0x20000850                _idle_thread_wa
 .bss.dbg_isr_cnt
                0x20000930        0x4 build/obj/chdebug.o
                0x20000930                dbg_isr_cnt
 .bss.dbg_trace_buffer
                0x20000934      0x408 build/obj/chdebug.o
                0x20000934                dbg_trace_buffer
 .bss.dbg_lock_cnt
                0x20000d3c        0x4 build/obj/chdebug.o
                0x20000d3c                dbg_lock_cnt
 .bss.dbg_panic_msg
                0x20000d40        0x4 build/obj/chdebug.o
                0x20000d40                dbg_panic_msg
 .bss.vtlist    0x20000d44       0x10 build/obj/chvt.o
                0x20000d44                vtlist
 .bss.rlist     0x20000d54       0x1c build/obj/chschd.o
                0x20000d54                rlist
 .bss.endmem    0x20000d70        0x4 build/obj/chmemcore.o
 .bss.nextmem   0x20000d74        0x4 build/obj/chmemcore.o
 .bss.default_heap
                0x20000d78       0x20 build/obj/chheap.o
 .bss.measurement_offset
                0x20000d98        0x4 build/obj/tm.o
 .bss.dma_isr_redir
                0x20000d9c       0x60 build/obj/stm32_dma.o
 .bss.dma_streams_mask
                0x20000dfc        0x4 build/obj/stm32_dma.o
 .bss.ADCD1     0x20000e00       0x3c build/obj/adc_lld.o
                0x20000e00                ADCD1
 .bss.ADCD3     0x20000e3c       0x3c build/obj/adc_lld.o
                0x20000e3c                ADCD3
 .bss.waThread1
                0x20000e78      0x150 build/obj/main.o
 .bss.nx        0x20000fc8        0x4 build/obj/main.o
                0x20000fc8                nx
 .bss.ny        0x20000fcc        0x4 build/obj/main.o
                0x20000fcc                ny
 .bss.samples1  0x20000fd0       0x40 build/obj/main.o
 .bss.samples2  0x20001010      0x200 build/obj/main.o
                0x20001210                . = ALIGN (0x4)
 *(COMMON)
                0x20001210                . = ALIGN (0x4)
                0x20001210                PROVIDE (_bss_end, .)
                0x20001210                PROVIDE (end, .)
                0x20001210                _end = .
                0x20001210                __heap_base__ = _end
                0x2000a000                __heap_end__ = __ram_end__
START GROUP
LOAD /opt/ChibiStudio/tools/gcc-arm-none-eabi-4_7-2013q1/bin/../lib/gcc/arm-none-eabi/4.7.3/armv7e-m/libgcc.a
LOAD /opt/ChibiStudio/tools/gcc-arm-none-eabi-4_7-2013q1/bin/../lib/gcc/arm-none-eabi/4.7.3/../../../../arm-none-eabi/lib/armv7e-m/libg.a
LOAD /opt/ChibiStudio/tools/gcc-arm-none-eabi-4_7-2013q1/bin/../lib/gcc/arm-none-eabi/4.7.3/../../../../arm-none-eabi/lib/armv7e-m/libc.a
END GROUP
OUTPUT(build/fw.elf elf32-littlearm)

.debug_info     0x00000000     0xb516
 .debug_info    0x00000000      0x2a9 build/obj/crt0.o
 .debug_info    0x000002a9      0x1f0 build/obj/vectors.o
 .debug_info    0x00000499       0x9a build/obj/chcore.o
 .debug_info    0x00000533      0x945 build/obj/chcore_v7m.o
 .debug_info    0x00000e78      0x455 build/obj/nvic.o
 .debug_info    0x000012cd      0x94c build/obj/chsys.o
 .debug_info    0x00001c19      0x9f3 build/obj/chdebug.o
 .debug_info    0x0000260c      0x298 build/obj/chvt.o
 .debug_info    0x000028a4      0xb87 build/obj/chschd.o
 .debug_info    0x0000342b      0xec6 build/obj/chthreads.o
 .debug_info    0x000042f1      0x721 build/obj/chregistry.o
 .debug_info    0x00004a12      0xbbf build/obj/chmtx.o
 .debug_info    0x000055d1      0x23b build/obj/chmemcore.o
 .debug_info    0x0000580c      0x7a0 build/obj/chheap.o
 .debug_info    0x00005fac      0x3b5 build/obj/hal.o
 .debug_info    0x00006361     0x1242 build/obj/adc.o
 .debug_info    0x000075a3      0x2f4 build/obj/tm.o
 .debug_info    0x00007897      0x9d3 build/obj/stm32_dma.o
 .debug_info    0x0000826a      0x462 build/obj/hal_lld.o
 .debug_info    0x000086cc     0x176e build/obj/adc_lld.o
 .debug_info    0x00009e3a      0x599 build/obj/pal_lld.o
 .debug_info    0x0000a3d3      0x1e8 build/obj/board.o
 .debug_info    0x0000a5bb      0xf5b build/obj/main.o

.debug_abbrev   0x00000000     0x2b6f
 .debug_abbrev  0x00000000       0xf4 build/obj/crt0.o
 .debug_abbrev  0x000000f4       0xb1 build/obj/vectors.o
 .debug_abbrev  0x000001a5       0x44 build/obj/chcore.o
 .debug_abbrev  0x000001e9      0x1d5 build/obj/chcore_v7m.o
 .debug_abbrev  0x000003be       0xf2 build/obj/nvic.o
 .debug_abbrev  0x000004b0      0x1ff build/obj/chsys.o
 .debug_abbrev  0x000006af      0x246 build/obj/chdebug.o
 .debug_abbrev  0x000008f5      0x153 build/obj/chvt.o
 .debug_abbrev  0x00000a48      0x32e build/obj/chschd.o
 .debug_abbrev  0x00000d76      0x37a build/obj/chthreads.o
 .debug_abbrev  0x000010f0      0x1bc build/obj/chregistry.o
 .debug_abbrev  0x000012ac      0x2d3 build/obj/chmtx.o
 .debug_abbrev  0x0000157f      0x12e build/obj/chmemcore.o
 .debug_abbrev  0x000016ad      0x21b build/obj/chheap.o
 .debug_abbrev  0x000018c8      0x1e4 build/obj/hal.o
 .debug_abbrev  0x00001aac      0x2ed build/obj/adc.o
 .debug_abbrev  0x00001d99      0x19c build/obj/tm.o
 .debug_abbrev  0x00001f35      0x252 build/obj/stm32_dma.o
 .debug_abbrev  0x00002187      0x12a build/obj/hal_lld.o
 .debug_abbrev  0x000022b1      0x391 build/obj/adc_lld.o
 .debug_abbrev  0x00002642      0x1b4 build/obj/pal_lld.o
 .debug_abbrev  0x000027f6       0xe5 build/obj/board.o
 .debug_abbrev  0x000028db      0x294 build/obj/main.o

.debug_aranges  0x00000000      0x640
 .debug_aranges
                0x00000000       0x38 build/obj/crt0.o
 .debug_aranges
                0x00000038       0x20 build/obj/vectors.o
 .debug_aranges
                0x00000058       0x20 build/obj/chcore.o
 .debug_aranges
                0x00000078       0x50 build/obj/chcore_v7m.o
 .debug_aranges
                0x000000c8       0x30 build/obj/nvic.o
 .debug_aranges
                0x000000f8       0x30 build/obj/chsys.o
 .debug_aranges
                0x00000128       0x88 build/obj/chdebug.o
 .debug_aranges
                0x000001b0       0x30 build/obj/chvt.o
 .debug_aranges
                0x000001e0       0x68 build/obj/chschd.o
 .debug_aranges
                0x00000248       0x80 build/obj/chthreads.o
 .debug_aranges
                0x000002c8       0x28 build/obj/chregistry.o
 .debug_aranges
                0x000002f0       0x58 build/obj/chmtx.o
 .debug_aranges
                0x00000348       0x38 build/obj/chmemcore.o
 .debug_aranges
                0x00000380       0x40 build/obj/chheap.o
 .debug_aranges
                0x000003c0       0x30 build/obj/hal.o
 .debug_aranges
                0x000003f0       0x70 build/obj/adc.o
 .debug_aranges
                0x00000460       0x38 build/obj/tm.o
 .debug_aranges
                0x00000498       0x90 build/obj/stm32_dma.o
 .debug_aranges
                0x00000528       0x28 build/obj/hal_lld.o
 .debug_aranges
                0x00000550       0x68 build/obj/adc_lld.o
 .debug_aranges
                0x000005b8       0x28 build/obj/pal_lld.o
 .debug_aranges
                0x000005e0       0x28 build/obj/board.o
 .debug_aranges
                0x00000608       0x38 build/obj/main.o

.debug_ranges   0x00000000      0xc28
 .debug_ranges  0x00000000       0xe0 build/obj/crt0.o
 .debug_ranges  0x000000e0       0x10 build/obj/vectors.o
 .debug_ranges  0x000000f0       0x10 build/obj/chcore.o
 .debug_ranges  0x00000100       0x58 build/obj/chcore_v7m.o
 .debug_ranges  0x00000158       0x20 build/obj/nvic.o
 .debug_ranges  0x00000178       0x20 build/obj/chsys.o
 .debug_ranges  0x00000198       0xf0 build/obj/chdebug.o
 .debug_ranges  0x00000288       0x20 build/obj/chvt.o
 .debug_ranges  0x000002a8      0x1d8 build/obj/chschd.o
 .debug_ranges  0x00000480      0x118 build/obj/chthreads.o
 .debug_ranges  0x00000598       0x18 build/obj/chregistry.o
 .debug_ranges  0x000005b0      0x228 build/obj/chmtx.o
 .debug_ranges  0x000007d8       0x40 build/obj/chmemcore.o
 .debug_ranges  0x00000818       0x30 build/obj/chheap.o
 .debug_ranges  0x00000848       0x50 build/obj/hal.o
 .debug_ranges  0x00000898       0x78 build/obj/adc.o
 .debug_ranges  0x00000910       0x78 build/obj/tm.o
 .debug_ranges  0x00000988       0x80 build/obj/stm32_dma.o
 .debug_ranges  0x00000a08       0x30 build/obj/hal_lld.o
 .debug_ranges  0x00000a38       0xb8 build/obj/adc_lld.o
 .debug_ranges  0x00000af0       0xf8 build/obj/pal_lld.o
 .debug_ranges  0x00000be8       0x18 build/obj/board.o
 .debug_ranges  0x00000c00       0x28 build/obj/main.o

.debug_line     0x00000000     0x3880
 .debug_line    0x00000000      0x16e build/obj/crt0.o
 .debug_line    0x0000016e       0xe6 build/obj/vectors.o
 .debug_line    0x00000254       0x56 build/obj/chcore.o
 .debug_line    0x000002aa      0x22d build/obj/chcore_v7m.o
 .debug_line    0x000004d7      0x125 build/obj/nvic.o
 .debug_line    0x000005fc      0x24c build/obj/chsys.o
 .debug_line    0x00000848      0x32a build/obj/chdebug.o
 .debug_line    0x00000b72      0x190 build/obj/chvt.o
 .debug_line    0x00000d02      0x37d build/obj/chschd.o
 .debug_line    0x0000107f      0x410 build/obj/chthreads.o
 .debug_line    0x0000148f      0x21e build/obj/chregistry.o
 .debug_line    0x000016ad      0x3af build/obj/chmtx.o
 .debug_line    0x00001a5c      0x1b3 build/obj/chmemcore.o
 .debug_line    0x00001c0f      0x2de build/obj/chheap.o
 .debug_line    0x00001eed      0x257 build/obj/hal.o
 .debug_line    0x00002144      0x401 build/obj/adc.o
 .debug_line    0x00002545      0x1ff build/obj/tm.o
 .debug_line    0x00002744      0x3a2 build/obj/stm32_dma.o
 .debug_line    0x00002ae6      0x1ef build/obj/hal_lld.o
 .debug_line    0x00002cd5      0x55a build/obj/adc_lld.o
 .debug_line    0x0000322f      0x1e0 build/obj/pal_lld.o
 .debug_line    0x0000340f      0x16f build/obj/board.o
 .debug_line    0x0000357e      0x302 build/obj/main.o

.debug_str      0x00000000     0x1d46
 .debug_str     0x00000000      0x219 build/obj/crt0.o
                                0x24d (size before relaxing)
 .debug_str     0x00000219      0x148 build/obj/vectors.o
                                0x278 (size before relaxing)
 .debug_str     0x00000361       0x30 build/obj/chcore.o
                                0x14b (size before relaxing)
 .debug_str     0x00000391      0x377 build/obj/chcore_v7m.o
                                0x4b9 (size before relaxing)
 .debug_str     0x00000708       0xa1 build/obj/nvic.o
                                0x24a (size before relaxing)
 .debug_str     0x000007a9      0x23d build/obj/chsys.o
                                0x57e (size before relaxing)
 .debug_str     0x000009e6       0xfe build/obj/chdebug.o
                                0x4f5 (size before relaxing)
 .debug_str     0x00000ae4       0x39 build/obj/chvt.o
                                0x1e7 (size before relaxing)
 .debug_str     0x00000b1d       0xd8 build/obj/chschd.o
                                0x4b5 (size before relaxing)
 .debug_str     0x00000bf5       0xf2 build/obj/chthreads.o
                                0x50f (size before relaxing)
 .debug_str     0x00000ce7       0x45 build/obj/chregistry.o
                                0x465 (size before relaxing)
 .debug_str     0x00000d2c       0x94 build/obj/chmtx.o
                                0x40d (size before relaxing)
 .debug_str     0x00000dc0       0x73 build/obj/chmemcore.o
                                0x1e7 (size before relaxing)
 .debug_str     0x00000e33       0xb6 build/obj/chheap.o
                                0x3ac (size before relaxing)
 .debug_str     0x00000ee9      0x15c build/obj/hal.o
                                0x29d (size before relaxing)
 .debug_str     0x00001045      0x3d5 build/obj/adc.o
                                0x78d (size before relaxing)
 .debug_str     0x0000141a       0x6a build/obj/tm.o
                                0x207 (size before relaxing)
 .debug_str     0x00001484      0x5c0 build/obj/stm32_dma.o
                                0x7ef (size before relaxing)
 .debug_str     0x00001a44       0xd5 build/obj/hal_lld.o
                                0x2d4 (size before relaxing)
 .debug_str     0x00001b19      0x103 build/obj/adc_lld.o
                                0xc9d (size before relaxing)
 .debug_str     0x00001c1c       0xcc build/obj/pal_lld.o
                                0x2ec (size before relaxing)
 .debug_str     0x00001ce8        0x8 build/obj/board.o
                                0x1e8 (size before relaxing)
 .debug_str     0x00001cf0       0x56 build/obj/main.o
                                0x744 (size before relaxing)

.comment        0x00000000       0x70
 .comment       0x00000000       0x70 build/obj/crt0.o
                                 0x71 (size before relaxing)
 .comment       0x00000000       0x71 build/obj/vectors.o
 .comment       0x00000000       0x71 build/obj/chcore.o
 .comment       0x00000000       0x71 build/obj/chcore_v7m.o
 .comment       0x00000000       0x71 build/obj/nvic.o
 .comment       0x00000000       0x71 build/obj/chsys.o
 .comment       0x00000000       0x71 build/obj/chdebug.o
 .comment       0x00000000       0x71 build/obj/chvt.o
 .comment       0x00000000       0x71 build/obj/chschd.o
 .comment       0x00000000       0x71 build/obj/chthreads.o
 .comment       0x00000000       0x71 build/obj/chregistry.o
 .comment       0x00000000       0x71 build/obj/chmtx.o
 .comment       0x00000000       0x71 build/obj/chmemcore.o
 .comment       0x00000000       0x71 build/obj/chheap.o
 .comment       0x00000000       0x71 build/obj/hal.o
 .comment       0x00000000       0x71 build/obj/adc.o
 .comment       0x00000000       0x71 build/obj/tm.o
 .comment       0x00000000       0x71 build/obj/stm32_dma.o
 .comment       0x00000000       0x71 build/obj/hal_lld.o
 .comment       0x00000000       0x71 build/obj/adc_lld.o
 .comment       0x00000000       0x71 build/obj/pal_lld.o
 .comment       0x00000000       0x71 build/obj/board.o
 .comment       0x00000000       0x71 build/obj/main.o

.ARM.attributes
                0x00000000       0x33
 .ARM.attributes
                0x00000000       0x33 build/obj/crt0.o
 .ARM.attributes
                0x00000033       0x33 build/obj/vectors.o
 .ARM.attributes
                0x00000066       0x33 build/obj/chcore.o
 .ARM.attributes
                0x00000099       0x33 build/obj/chcore_v7m.o
 .ARM.attributes
                0x000000cc       0x33 build/obj/nvic.o
 .ARM.attributes
                0x000000ff       0x33 build/obj/chsys.o
 .ARM.attributes
                0x00000132       0x33 build/obj/chdebug.o
 .ARM.attributes
                0x00000165       0x33 build/obj/chvt.o
 .ARM.attributes
                0x00000198       0x33 build/obj/chschd.o
 .ARM.attributes
                0x000001cb       0x33 build/obj/chthreads.o
 .ARM.attributes
                0x000001fe       0x33 build/obj/chregistry.o
 .ARM.attributes
                0x00000231       0x33 build/obj/chmtx.o
 .ARM.attributes
                0x00000264       0x33 build/obj/chmemcore.o
 .ARM.attributes
                0x00000297       0x33 build/obj/chheap.o
 .ARM.attributes
                0x000002ca       0x33 build/obj/hal.o
 .ARM.attributes
                0x000002fd       0x33 build/obj/adc.o
 .ARM.attributes
                0x00000330       0x33 build/obj/tm.o
 .ARM.attributes
                0x00000363       0x33 build/obj/stm32_dma.o
 .ARM.attributes
                0x00000396       0x33 build/obj/hal_lld.o
 .ARM.attributes
                0x000003c9       0x33 build/obj/adc_lld.o
 .ARM.attributes
                0x000003fc       0x33 build/obj/pal_lld.o
 .ARM.attributes
                0x0000042f       0x33 build/obj/board.o
 .ARM.attributes
                0x00000462       0x33 build/obj/main.o

.debug_frame    0x00000000      0xf3c
 .debug_frame   0x00000000       0x50 build/obj/crt0.o
 .debug_frame   0x00000050       0x20 build/obj/vectors.o
 .debug_frame   0x00000070       0x20 build/obj/chcore.o
 .debug_frame   0x00000090       0xa4 build/obj/chcore_v7m.o
 .debug_frame   0x00000134       0x64 build/obj/nvic.o
 .debug_frame   0x00000198       0x68 build/obj/chsys.o
 .debug_frame   0x00000200      0x140 build/obj/chdebug.o
 .debug_frame   0x00000340       0x64 build/obj/chvt.o
 .debug_frame   0x000003a4      0x128 build/obj/chschd.o
 .debug_frame   0x000004cc      0x1b4 build/obj/chthreads.o
 .debug_frame   0x00000680       0x4c build/obj/chregistry.o
 .debug_frame   0x000006cc      0x108 build/obj/chmtx.o
 .debug_frame   0x000007d4       0x68 build/obj/chmemcore.o
 .debug_frame   0x0000083c       0xb0 build/obj/chheap.o
 .debug_frame   0x000008ec       0x4c build/obj/hal.o
 .debug_frame   0x00000938      0x154 build/obj/adc.o
 .debug_frame   0x00000a8c       0x64 build/obj/tm.o
 .debug_frame   0x00000af0      0x1d8 build/obj/stm32_dma.o
 .debug_frame   0x00000cc8       0x40 build/obj/hal_lld.o
 .debug_frame   0x00000d08      0x14c build/obj/adc_lld.o
 .debug_frame   0x00000e54       0x4c build/obj/pal_lld.o
 .debug_frame   0x00000ea0       0x30 build/obj/board.o
 .debug_frame   0x00000ed0       0x6c build/obj/main.o

.debug_loc      0x00000000     0x2f13
 .debug_loc     0x00000000      0x12c build/obj/chcore_v7m.o
 .debug_loc     0x0000012c      0x1ca build/obj/nvic.o
 .debug_loc     0x000002f6       0xcc build/obj/chsys.o
 .debug_loc     0x000003c2      0x22c build/obj/chdebug.o
 .debug_loc     0x000005ee      0x10b build/obj/chvt.o
 .debug_loc     0x000006f9      0x315 build/obj/chschd.o
 .debug_loc     0x00000a0e      0x6b1 build/obj/chthreads.o
 .debug_loc     0x000010bf       0xc9 build/obj/chregistry.o
 .debug_loc     0x00001188      0x4f6 build/obj/chmtx.o
 .debug_loc     0x0000167e      0x10b build/obj/chmemcore.o
 .debug_loc     0x00001789      0x308 build/obj/chheap.o
 .debug_loc     0x00001a91       0xa7 build/obj/hal.o
 .debug_loc     0x00001b38      0x504 build/obj/adc.o
 .debug_loc     0x0000203c       0xb9 build/obj/tm.o
 .debug_loc     0x000020f5      0x496 build/obj/stm32_dma.o
 .debug_loc     0x0000258b       0x20 build/obj/hal_lld.o
 .debug_loc     0x000025ab      0x647 build/obj/adc_lld.o
 .debug_loc     0x00002bf2      0x272 build/obj/pal_lld.o
 .debug_loc     0x00002e64       0xaf build/obj/main.o

Cross Reference Table

Symbol                                            File
ADCD1                                             build/obj/adc_lld.o
                                                  build/obj/main.o
ADCD3                                             build/obj/adc_lld.o
BusFaultVector                                    build/obj/vectors.o
DebugMonitorVector                                build/obj/vectors.o
HardFaultVector                                   build/obj/vectors.o
MemManageVector                                   build/obj/vectors.o
NMIVector                                         build/obj/vectors.o
PendSVVector                                      build/obj/vectors.o
ResetHandler                                      build/obj/crt0.o
                                                  build/obj/vectors.o
SVCallVector                                      build/obj/chcore_v7m.o
                                                  build/obj/vectors.o
SysTickVector                                     build/obj/chcore_v7m.o
                                                  build/obj/vectors.o
UsageFaultVector                                  build/obj/vectors.o
Vector100                                         build/obj/vectors.o
Vector104                                         build/obj/vectors.o
Vector108                                         build/obj/vectors.o
Vector10C                                         build/obj/vectors.o
Vector110                                         build/obj/vectors.o
Vector114                                         build/obj/vectors.o
Vector118                                         build/obj/vectors.o
Vector11C                                         build/obj/vectors.o
Vector120                                         build/obj/stm32_dma.o
                                                  build/obj/vectors.o
Vector124                                         build/obj/stm32_dma.o
                                                  build/obj/vectors.o
Vector128                                         build/obj/stm32_dma.o
                                                  build/obj/vectors.o
Vector12C                                         build/obj/stm32_dma.o
                                                  build/obj/vectors.o
Vector130                                         build/obj/stm32_dma.o
                                                  build/obj/vectors.o
Vector134                                         build/obj/adc_lld.o
                                                  build/obj/vectors.o
Vector138                                         build/obj/vectors.o
Vector13C                                         build/obj/vectors.o
Vector140                                         build/obj/vectors.o
Vector144                                         build/obj/vectors.o
Vector148                                         build/obj/vectors.o
Vector14C                                         build/obj/vectors.o
Vector150                                         build/obj/vectors.o
Vector154                                         build/obj/vectors.o
Vector158                                         build/obj/vectors.o
Vector15C                                         build/obj/vectors.o
Vector160                                         build/obj/vectors.o
Vector164                                         build/obj/vectors.o
Vector168                                         build/obj/vectors.o
Vector16C                                         build/obj/vectors.o
Vector170                                         build/obj/vectors.o
Vector174                                         build/obj/vectors.o
Vector178                                         build/obj/vectors.o
Vector17C                                         build/obj/vectors.o
Vector180                                         build/obj/vectors.o
Vector184                                         build/obj/vectors.o
Vector1C                                          build/obj/vectors.o
Vector20                                          build/obj/vectors.o
Vector24                                          build/obj/vectors.o
Vector28                                          build/obj/vectors.o
Vector34                                          build/obj/vectors.o
Vector40                                          build/obj/vectors.o
Vector44                                          build/obj/vectors.o
Vector48                                          build/obj/vectors.o
Vector4C                                          build/obj/vectors.o
Vector50                                          build/obj/vectors.o
Vector54                                          build/obj/vectors.o
Vector58                                          build/obj/vectors.o
Vector5C                                          build/obj/vectors.o
Vector60                                          build/obj/vectors.o
Vector64                                          build/obj/vectors.o
Vector68                                          build/obj/vectors.o
Vector6C                                          build/obj/stm32_dma.o
                                                  build/obj/vectors.o
Vector70                                          build/obj/stm32_dma.o
                                                  build/obj/vectors.o
Vector74                                          build/obj/stm32_dma.o
                                                  build/obj/vectors.o
Vector78                                          build/obj/stm32_dma.o
                                                  build/obj/vectors.o
Vector7C                                          build/obj/stm32_dma.o
                                                  build/obj/vectors.o
Vector80                                          build/obj/stm32_dma.o
                                                  build/obj/vectors.o
Vector84                                          build/obj/stm32_dma.o
                                                  build/obj/vectors.o
Vector88                                          build/obj/adc_lld.o
                                                  build/obj/vectors.o
Vector8C                                          build/obj/vectors.o
Vector90                                          build/obj/vectors.o
Vector94                                          build/obj/vectors.o
Vector98                                          build/obj/vectors.o
Vector9C                                          build/obj/vectors.o
VectorA0                                          build/obj/vectors.o
VectorA4                                          build/obj/vectors.o
VectorA8                                          build/obj/vectors.o
VectorAC                                          build/obj/vectors.o
VectorB0                                          build/obj/vectors.o
VectorB4                                          build/obj/vectors.o
VectorB8                                          build/obj/vectors.o
VectorBC                                          build/obj/vectors.o
VectorC0                                          build/obj/vectors.o
VectorC4                                          build/obj/vectors.o
VectorC8                                          build/obj/vectors.o
VectorCC                                          build/obj/vectors.o
VectorD0                                          build/obj/vectors.o
VectorD4                                          build/obj/vectors.o
VectorD8                                          build/obj/vectors.o
VectorDC                                          build/obj/vectors.o
VectorE0                                          build/obj/vectors.o
VectorE4                                          build/obj/vectors.o
VectorE8                                          build/obj/vectors.o
VectorEC                                          build/obj/vectors.o
VectorF0                                          build/obj/vectors.o
VectorF4                                          build/obj/vectors.o
VectorF8                                          build/obj/vectors.o
VectorFC                                          build/obj/adc_lld.o
                                                  build/obj/vectors.o
__early_init                                      build/obj/board.o
                                                  build/obj/crt0.o
__fini_array_end                                  build/obj/crt0.o
__fini_array_start                                build/obj/crt0.o
__heap_base__                                     build/obj/chmemcore.o
__heap_end__                                      build/obj/chmemcore.o
__init_array_end                                  build/obj/crt0.o
__init_array_start                                build/obj/crt0.o
__late_init                                       build/obj/crt0.o
__main_stack_base__                               build/obj/crt0.o
__main_stack_end__                                build/obj/vectors.o
                                                  build/obj/crt0.o
__main_thread_stack_base__                        build/obj/chsys.o
__process_stack_base__                            build/obj/crt0.o
__process_stack_end__                             build/obj/crt0.o
_bss_end                                          build/obj/crt0.o
_bss_start                                        build/obj/crt0.o
_core_init                                        build/obj/chmemcore.o
                                                  build/obj/chsys.o
_data                                             build/obj/crt0.o
_default_exit                                     build/obj/crt0.o
_edata                                            build/obj/crt0.o
_heap_init                                        build/obj/chheap.o
                                                  build/obj/chsys.o
_idle_thread                                      build/obj/chsys.o
_idle_thread_wa                                   build/obj/chsys.o
_pal_lld_init                                     build/obj/pal_lld.o
                                                  build/obj/hal.o
_pal_lld_setgroupmode                             build/obj/pal_lld.o
                                                  build/obj/main.o
                                                  build/obj/pal.o
_port_init                                        build/obj/chcore_v7m.o
                                                  build/obj/chsys.o
_port_irq_epilogue                                build/obj/chcore_v7m.o
                                                  build/obj/adc_lld.o
                                                  build/obj/stm32_dma.o
_port_switch                                      build/obj/chcore_v7m.o
                                                  build/obj/chschd.o
_port_switch_from_isr                             build/obj/chcore_v7m.o
_port_thread_start                                build/obj/chcore_v7m.o
                                                  build/obj/chthreads.o
_scheduler_init                                   build/obj/chschd.o
                                                  build/obj/chsys.o
_stm32_dma_streams                                build/obj/stm32_dma.o
                                                  build/obj/adc_lld.o
_textdata                                         build/obj/crt0.o
_thread_init                                      build/obj/chthreads.o
                                                  build/obj/chsys.o
_thread_memfill                                   build/obj/chthreads.o
                                                  build/obj/chdynamic.o
_trace_init                                       build/obj/chdebug.o
                                                  build/obj/chsys.o
_unhandled_exception                              build/obj/vectors.o
_vectors                                          build/obj/vectors.o
_vt_init                                          build/obj/chvt.o
                                                  build/obj/chsys.o
adcAcquireBus                                     build/obj/adc.o
adcConvert                                        build/obj/adc.o
                                                  build/obj/main.o
adcInit                                           build/obj/adc.o
                                                  build/obj/hal.o
adcObjectInit                                     build/obj/adc.o
                                                  build/obj/adc_lld.o
adcReleaseBus                                     build/obj/adc.o
adcStart                                          build/obj/adc.o
                                                  build/obj/main.o
adcStartConversion                                build/obj/adc.o
                                                  build/obj/main.o
adcStartConversionI                               build/obj/adc.o
adcStop                                           build/obj/adc.o
adcStopConversion                                 build/obj/adc.o
adcStopConversionI                                build/obj/adc.o
adc_lld_init                                      build/obj/adc_lld.o
                                                  build/obj/adc.o
adc_lld_start                                     build/obj/adc_lld.o
                                                  build/obj/adc.o
adc_lld_start_conversion                          build/obj/adc_lld.o
                                                  build/obj/adc.o
adc_lld_stop                                      build/obj/adc_lld.o
                                                  build/obj/adc.o
adc_lld_stop_conversion                           build/obj/adc_lld.o
                                                  build/obj/adc.o
boardInit                                         build/obj/board.o
                                                  build/obj/hal.o
chCondBroadcast                                   build/obj/chcond.o
chCondBroadcastI                                  build/obj/chcond.o
chCondInit                                        build/obj/chcond.o
chCondSignal                                      build/obj/chcond.o
chCondSignalI                                     build/obj/chcond.o
chCondWait                                        build/obj/chcond.o
chCondWaitS                                       build/obj/chcond.o
chCondWaitTimeout                                 build/obj/chcond.o
chCondWaitTimeoutS                                build/obj/chcond.o
chCoreAlloc                                       build/obj/chmemcore.o
                                                  build/obj/chheap.o
chCoreAllocI                                      build/obj/chmemcore.o
chCoreStatus                                      build/obj/chmemcore.o
chDbgCheckClassI                                  build/obj/chdebug.o
                                                  build/obj/adc.o
                                                  build/obj/chmempools.o
                                                  build/obj/chmemcore.o
                                                  build/obj/chqueues.o
                                                  build/obj/chmboxes.o
                                                  build/obj/chevents.o
                                                  build/obj/chcond.o
                                                  build/obj/chsem.o
                                                  build/obj/chthreads.o
                                                  build/obj/chschd.o
                                                  build/obj/chvt.o
                                                  build/obj/chsys.o
chDbgCheckClassS                                  build/obj/chdebug.o
                                                  build/obj/chmboxes.o
                                                  build/obj/chcond.o
                                                  build/obj/chmtx.o
                                                  build/obj/chsem.o
                                                  build/obj/chschd.o
chDbgPanic                                        build/obj/chdebug.o
                                                  build/obj/adc_lld.o
                                                  build/obj/stm32_dma.o
                                                  build/obj/pal.o
                                                  build/obj/adc.o
                                                  build/obj/chmempools.o
                                                  build/obj/chheap.o
                                                  build/obj/chqueues.o
                                                  build/obj/chmboxes.o
                                                  build/obj/chmsg.o
                                                  build/obj/chevents.o
                                                  build/obj/chcond.o
                                                  build/obj/chmtx.o
                                                  build/obj/chsem.o
                                                  build/obj/chregistry.o
                                                  build/obj/chdynamic.o
                                                  build/obj/chthreads.o
                                                  build/obj/chschd.o
                                                  build/obj/chvt.o
chEvtAddEvents                                    build/obj/chevents.o
chEvtBroadcastFlags                               build/obj/chevents.o
chEvtBroadcastFlagsI                              build/obj/chevents.o
chEvtDispatch                                     build/obj/chevents.o
chEvtGetAndClearEvents                            build/obj/chevents.o
chEvtGetAndClearFlags                             build/obj/chevents.o
chEvtGetAndClearFlagsI                            build/obj/chevents.o
chEvtRegisterMask                                 build/obj/chevents.o
chEvtSignal                                       build/obj/chevents.o
chEvtSignalI                                      build/obj/chevents.o
chEvtUnregister                                   build/obj/chevents.o
chEvtWaitAll                                      build/obj/chevents.o
chEvtWaitAllTimeout                               build/obj/chevents.o
chEvtWaitAny                                      build/obj/chevents.o
chEvtWaitAnyTimeout                               build/obj/chevents.o
chEvtWaitOne                                      build/obj/chevents.o
chEvtWaitOneTimeout                               build/obj/chevents.o
chHeapAlloc                                       build/obj/chheap.o
                                                  build/obj/chdynamic.o
chHeapFree                                        build/obj/chheap.o
                                                  build/obj/chdynamic.o
chHeapInit                                        build/obj/chheap.o
chHeapStatus                                      build/obj/chheap.o
chIQGetTimeout                                    build/obj/chqueues.o
chIQInit                                          build/obj/chqueues.o
chIQPutI                                          build/obj/chqueues.o
chIQReadTimeout                                   build/obj/chqueues.o
chIQResetI                                        build/obj/chqueues.o
chMBFetch                                         build/obj/chmboxes.o
chMBFetchI                                        build/obj/chmboxes.o
chMBFetchS                                        build/obj/chmboxes.o
chMBInit                                          build/obj/chmboxes.o
chMBPost                                          build/obj/chmboxes.o
chMBPostAhead                                     build/obj/chmboxes.o
chMBPostAheadI                                    build/obj/chmboxes.o
chMBPostAheadS                                    build/obj/chmboxes.o
chMBPostI                                         build/obj/chmboxes.o
chMBPostS                                         build/obj/chmboxes.o
chMBReset                                         build/obj/chmboxes.o
chMsgRelease                                      build/obj/chmsg.o
chMsgSend                                         build/obj/chmsg.o
chMsgWait                                         build/obj/chmsg.o
chMtxInit                                         build/obj/chmtx.o
                                                  build/obj/adc.o
                                                  build/obj/chheap.o
chMtxLock                                         build/obj/chmtx.o
                                                  build/obj/adc.o
                                                  build/obj/chheap.o
chMtxLockS                                        build/obj/chmtx.o
                                                  build/obj/chcond.o
chMtxTryLock                                      build/obj/chmtx.o
chMtxTryLockS                                     build/obj/chmtx.o
chMtxUnlock                                       build/obj/chmtx.o
                                                  build/obj/adc.o
                                                  build/obj/chheap.o
chMtxUnlockAll                                    build/obj/chmtx.o
chMtxUnlockS                                      build/obj/chmtx.o
                                                  build/obj/chcond.o
chOQGetI                                          build/obj/chqueues.o
chOQInit                                          build/obj/chqueues.o
chOQPutTimeout                                    build/obj/chqueues.o
chOQResetI                                        build/obj/chqueues.o
chOQWriteTimeout                                  build/obj/chqueues.o
chPoolAlloc                                       build/obj/chmempools.o
                                                  build/obj/chdynamic.o
chPoolAllocI                                      build/obj/chmempools.o
chPoolFree                                        build/obj/chmempools.o
                                                  build/obj/chdynamic.o
chPoolFreeI                                       build/obj/chmempools.o
chPoolInit                                        build/obj/chmempools.o
chPoolLoadArray                                   build/obj/chmempools.o
chRegFirstThread                                  build/obj/chregistry.o
chRegNextThread                                   build/obj/chregistry.o
chSchDoReschedule                                 build/obj/chschd.o
                                                  build/obj/chcore_v7m.o
chSchDoRescheduleAhead                            build/obj/chschd.o
chSchDoRescheduleBehind                           build/obj/chschd.o
                                                  build/obj/chthreads.o
chSchGoSleepS                                     build/obj/chschd.o
                                                  build/obj/adc.o
                                                  build/obj/chmsg.o
                                                  build/obj/chevents.o
                                                  build/obj/chcond.o
                                                  build/obj/chmtx.o
                                                  build/obj/chsem.o
                                                  build/obj/chthreads.o
chSchGoSleepTimeoutS                              build/obj/chschd.o
                                                  build/obj/chqueues.o
                                                  build/obj/chevents.o
                                                  build/obj/chcond.o
                                                  build/obj/chsem.o
                                                  build/obj/chthreads.o
chSchReadyI                                       build/obj/chschd.o
                                                  build/obj/adc_lld.o
                                                  build/obj/adc.o
                                                  build/obj/chqueues.o
                                                  build/obj/chmsg.o
                                                  build/obj/chevents.o
                                                  build/obj/chcond.o
                                                  build/obj/chmtx.o
                                                  build/obj/chsem.o
                                                  build/obj/chthreads.o
chSchRescheduleS                                  build/obj/chschd.o
                                                  build/obj/chmboxes.o
                                                  build/obj/chevents.o
                                                  build/obj/chcond.o
                                                  build/obj/chmtx.o
                                                  build/obj/chsem.o
                                                  build/obj/chthreads.o
chSchWakeupS                                      build/obj/chschd.o
                                                  build/obj/adc.o
                                                  build/obj/chmsg.o
                                                  build/obj/chcond.o
                                                  build/obj/chmtx.o
                                                  build/obj/chsem.o
                                                  build/obj/chdynamic.o
                                                  build/obj/chthreads.o
chSemAddCounterI                                  build/obj/chsem.o
chSemInit                                         build/obj/chsem.o
                                                  build/obj/chmboxes.o
chSemReset                                        build/obj/chsem.o
chSemResetI                                       build/obj/chsem.o
                                                  build/obj/chmboxes.o
chSemSignal                                       build/obj/chsem.o
chSemSignalI                                      build/obj/chsem.o
                                                  build/obj/chmboxes.o
chSemSignalWait                                   build/obj/chsem.o
chSemWait                                         build/obj/chsem.o
chSemWaitS                                        build/obj/chsem.o
chSemWaitTimeout                                  build/obj/chsem.o
chSemWaitTimeoutS                                 build/obj/chsem.o
                                                  build/obj/chmboxes.o
chSysInit                                         build/obj/chsys.o
                                                  build/obj/main.o
chSysTimerHandlerI                                build/obj/chsys.o
                                                  build/obj/chcore_v7m.o
chThdAddRef                                       build/obj/chdynamic.o
chThdCreateFromHeap                               build/obj/chdynamic.o
chThdCreateFromMemoryPool                         build/obj/chdynamic.o
chThdCreateI                                      build/obj/chthreads.o
                                                  build/obj/chdynamic.o
chThdCreateStatic                                 build/obj/chthreads.o
                                                  build/obj/main.o
                                                  build/obj/chsys.o
chThdExit                                         build/obj/chthreads.o
                                                  build/obj/chcore_v7m.o
chThdExitS                                        build/obj/chthreads.o
chThdRelease                                      build/obj/chdynamic.o
                                                  build/obj/chregistry.o
                                                  build/obj/chthreads.o
chThdResume                                       build/obj/chthreads.o
chThdSetPriority                                  build/obj/chthreads.o
chThdSleep                                        build/obj/chthreads.o
                                                  build/obj/main.o
chThdSleepUntil                                   build/obj/chthreads.o
chThdTerminate                                    build/obj/chthreads.o
chThdWait                                         build/obj/chthreads.o
chThdYield                                        build/obj/chthreads.o
chVTResetI                                        build/obj/chvt.o
                                                  build/obj/chschd.o
chVTSetI                                          build/obj/chvt.o
                                                  build/obj/chschd.o
ch_debug                                          build/obj/chregistry.o
                                                  build/obj/chsys.o
dbg_check_disable                                 build/obj/chdebug.o
dbg_check_enable                                  build/obj/chdebug.o
                                                  build/obj/chsys.o
dbg_check_enter_isr                               build/obj/chdebug.o
                                                  build/obj/adc_lld.o
                                                  build/obj/stm32_dma.o
                                                  build/obj/chcore_v7m.o
dbg_check_leave_isr                               build/obj/chdebug.o
                                                  build/obj/adc_lld.o
                                                  build/obj/stm32_dma.o
                                                  build/obj/chcore_v7m.o
dbg_check_lock                                    build/obj/chdebug.o
                                                  build/obj/adc.o
                                                  build/obj/chmempools.o
                                                  build/obj/chmemcore.o
                                                  build/obj/chqueues.o
                                                  build/obj/chmboxes.o
                                                  build/obj/chmsg.o
                                                  build/obj/chevents.o
                                                  build/obj/chcond.o
                                                  build/obj/chmtx.o
                                                  build/obj/chsem.o
                                                  build/obj/chregistry.o
                                                  build/obj/chdynamic.o
                                                  build/obj/chthreads.o
                                                  build/obj/chcore_v7m.o
dbg_check_lock_from_isr                           build/obj/chdebug.o
                                                  build/obj/adc_lld.o
                                                  build/obj/chschd.o
                                                  build/obj/chsys.o
                                                  build/obj/chcore_v7m.o
dbg_check_suspend                                 build/obj/chdebug.o
dbg_check_unlock                                  build/obj/chdebug.o
                                                  build/obj/adc.o
                                                  build/obj/chmempools.o
                                                  build/obj/chmemcore.o
                                                  build/obj/chqueues.o
                                                  build/obj/chmboxes.o
                                                  build/obj/chmsg.o
                                                  build/obj/chevents.o
                                                  build/obj/chcond.o
                                                  build/obj/chmtx.o
                                                  build/obj/chsem.o
                                                  build/obj/chregistry.o
                                                  build/obj/chdynamic.o
                                                  build/obj/chthreads.o
                                                  build/obj/chcore_v7m.o
dbg_check_unlock_from_isr                         build/obj/chdebug.o
                                                  build/obj/adc_lld.o
                                                  build/obj/chschd.o
                                                  build/obj/chsys.o
                                                  build/obj/chcore_v7m.o
dbg_isr_cnt                                       build/obj/chdebug.o
dbg_lock_cnt                                      build/obj/chdebug.o
dbg_panic_msg                                     build/obj/chdebug.o
dbg_trace                                         build/obj/chdebug.o
                                                  build/obj/chschd.o
dbg_trace_buffer                                  build/obj/chdebug.o
dmaInit                                           build/obj/stm32_dma.o
                                                  build/obj/hal_lld.o
dmaStreamAllocate                                 build/obj/stm32_dma.o
                                                  build/obj/adc_lld.o
dmaStreamRelease                                  build/obj/stm32_dma.o
                                                  build/obj/adc_lld.o
halInit                                           build/obj/hal.o
                                                  build/obj/main.o
halIsCounterWithin                                build/obj/hal.o
halPolledDelay                                    build/obj/hal.o
                                                  build/obj/adc_lld.o
hal_lld_init                                      build/obj/hal_lld.o
                                                  build/obj/hal.o
main                                              build/obj/main.o
                                                  build/obj/crt0.o
nvicDisableVector                                 build/obj/nvic.o
                                                  build/obj/stm32_dma.o
nvicEnableVector                                  build/obj/nvic.o
                                                  build/obj/adc_lld.o
                                                  build/obj/stm32_dma.o
nvicSetSystemHandlerPriority                      build/obj/nvic.o
                                                  build/obj/chcore_v7m.o
nx                                                build/obj/main.o
ny                                                build/obj/main.o
palReadBus                                        build/obj/pal.o
palSetBusMode                                     build/obj/pal.o
palWriteBus                                       build/obj/pal.o
pal_default_config                                build/obj/board.o
                                                  build/obj/hal.o
port_halt                                         build/obj/chcore.o
                                                  build/obj/chdebug.o
rlist                                             build/obj/chschd.o
                                                  build/obj/main.o
                                                  build/obj/adc.o
                                                  build/obj/chqueues.o
                                                  build/obj/chmsg.o
                                                  build/obj/chevents.o
                                                  build/obj/chcond.o
                                                  build/obj/chmtx.o
                                                  build/obj/chsem.o
                                                  build/obj/chregistry.o
                                                  build/obj/chthreads.o
                                                  build/obj/chdebug.o
                                                  build/obj/chsys.o
                                                  build/obj/chcore_v7m.o
stm32_clock_init                                  build/obj/hal_lld.o
                                                  build/obj/board.o
tmInit                                            build/obj/tm.o
                                                  build/obj/hal.o
tmObjectInit                                      build/obj/tm.o
vtlist                                            build/obj/chvt.o
                                                  build/obj/chthreads.o
                                                  build/obj/chdebug.o
                                                  build/obj/chsys.o
