
Discarded input sections

 .text          0x00000000        0x0 build/obj/crt0.o
 .data          0x00000000        0x0 build/obj/crt0.o
 .bss           0x00000000        0x0 build/obj/crt0.o
 .text.__early_init
                0x00000000       0x10 build/obj/crt0.o
 .text          0x00000000        0x0 build/obj/vectors.o
 .data          0x00000000        0x0 build/obj/vectors.o
 .bss           0x00000000        0x0 build/obj/vectors.o
 .text          0x00000000        0x0 build/obj/chcore.o
 .data          0x00000000        0x0 build/obj/chcore.o
 .bss           0x00000000        0x0 build/obj/chcore.o
 .text.port_halt
                0x00000000       0x10 build/obj/chcore.o
 .debug_info    0x00000000       0x9a build/obj/chcore.o
 .debug_abbrev  0x00000000       0x44 build/obj/chcore.o
 .debug_aranges
                0x00000000       0x20 build/obj/chcore.o
 .debug_ranges  0x00000000       0x10 build/obj/chcore.o
 .debug_line    0x00000000       0x53 build/obj/chcore.o
 .debug_str     0x00000000      0x14e build/obj/chcore.o
 .comment       0x00000000       0x71 build/obj/chcore.o
 .ARM.attributes
                0x00000000       0x33 build/obj/chcore.o
 .debug_frame   0x00000000       0x20 build/obj/chcore.o
 .text          0x00000000        0x0 build/obj/chcore_v7m.o
 .data          0x00000000        0x0 build/obj/chcore_v7m.o
 .bss           0x00000000        0x0 build/obj/chcore_v7m.o
 .text          0x00000000        0x0 build/obj/nvic.o
 .data          0x00000000        0x0 build/obj/nvic.o
 .bss           0x00000000        0x0 build/obj/nvic.o
 .text.nvicDisableVector
                0x00000000       0x40 build/obj/nvic.o
 .text          0x00000000        0x0 build/obj/chsys.o
 .data          0x00000000        0x0 build/obj/chsys.o
 .bss           0x00000000        0x0 build/obj/chsys.o
 .text          0x00000000        0x0 build/obj/chdebug.o
 .data          0x00000000        0x0 build/obj/chdebug.o
 .bss           0x00000000        0x0 build/obj/chdebug.o
 .debug_info    0x00000000       0x79 build/obj/chdebug.o
 .debug_abbrev  0x00000000       0x26 build/obj/chdebug.o
 .debug_aranges
                0x00000000       0x18 build/obj/chdebug.o
 .debug_line    0x00000000       0x1d build/obj/chdebug.o
 .debug_str     0x00000000      0x13f build/obj/chdebug.o
 .comment       0x00000000       0x71 build/obj/chdebug.o
 .ARM.attributes
                0x00000000       0x33 build/obj/chdebug.o
 .text          0x00000000        0x0 build/obj/chlists.o
 .data          0x00000000        0x0 build/obj/chlists.o
 .bss           0x00000000        0x0 build/obj/chlists.o
 .debug_info    0x00000000       0x79 build/obj/chlists.o
 .debug_abbrev  0x00000000       0x26 build/obj/chlists.o
 .debug_aranges
                0x00000000       0x18 build/obj/chlists.o
 .debug_line    0x00000000       0x1d build/obj/chlists.o
 .debug_str     0x00000000      0x13f build/obj/chlists.o
 .comment       0x00000000       0x71 build/obj/chlists.o
 .ARM.attributes
                0x00000000       0x33 build/obj/chlists.o
 .text          0x00000000        0x0 build/obj/chvt.o
 .data          0x00000000        0x0 build/obj/chvt.o
 .bss           0x00000000        0x0 build/obj/chvt.o
 .text          0x00000000        0x0 build/obj/chschd.o
 .data          0x00000000        0x0 build/obj/chschd.o
 .bss           0x00000000        0x0 build/obj/chschd.o
 .text          0x00000000        0x0 build/obj/chthreads.o
 .data          0x00000000        0x0 build/obj/chthreads.o
 .bss           0x00000000        0x0 build/obj/chthreads.o
 .text          0x00000000        0x0 build/obj/chdynamic.o
 .data          0x00000000        0x0 build/obj/chdynamic.o
 .bss           0x00000000        0x0 build/obj/chdynamic.o
 .text          0x00000000        0x0 build/obj/chregistry.o
 .data          0x00000000        0x0 build/obj/chregistry.o
 .bss           0x00000000        0x0 build/obj/chregistry.o
 .text          0x00000000        0x0 build/obj/chsem.o
 .data          0x00000000        0x0 build/obj/chsem.o
 .bss           0x00000000        0x0 build/obj/chsem.o
 .text          0x00000000        0x0 build/obj/chmtx.o
 .data          0x00000000        0x0 build/obj/chmtx.o
 .bss           0x00000000        0x0 build/obj/chmtx.o
 .text.chMtxTryLockS
                0x00000000       0x20 build/obj/chmtx.o
 .text          0x00000000        0x0 build/obj/chcond.o
 .data          0x00000000        0x0 build/obj/chcond.o
 .bss           0x00000000        0x0 build/obj/chcond.o
 .text          0x00000000        0x0 build/obj/chevents.o
 .data          0x00000000        0x0 build/obj/chevents.o
 .bss           0x00000000        0x0 build/obj/chevents.o
 .text.chEvtGetAndClearFlags
                0x00000000       0x20 build/obj/chevents.o
 .text.chEvtGetAndClearFlagsI
                0x00000000       0x10 build/obj/chevents.o
 .text          0x00000000        0x0 build/obj/chmsg.o
 .data          0x00000000        0x0 build/obj/chmsg.o
[...]
Memory Configuration

Name             Origin             Length             Attributes
flash            0x08000000         0x00040000
ram              0x20000000         0x0000a000
ccmram           0x10000000         0x00002000
*default*        0x00000000         0xffffffff

Linker script and memory map

LOAD build/obj/crt0.o
LOAD build/obj/vectors.o
LOAD build/obj/chcore.o
LOAD build/obj/chcore_v7m.o
LOAD build/obj/nvic.o
LOAD build/obj/chsys.o
LOAD build/obj/chdebug.o
LOAD build/obj/chlists.o
LOAD build/obj/chvt.o
LOAD build/obj/chschd.o
LOAD build/obj/chthreads.o
LOAD build/obj/chdynamic.o
LOAD build/obj/chregistry.o
LOAD build/obj/chsem.o
LOAD build/obj/chmtx.o
LOAD build/obj/chcond.o
LOAD build/obj/chevents.o
LOAD build/obj/chmsg.o
LOAD build/obj/chmboxes.o
LOAD build/obj/chqueues.o
LOAD build/obj/chmemcore.o
LOAD build/obj/chheap.o
LOAD build/obj/chmempools.o
LOAD build/obj/test.o
LOAD build/obj/testthd.o
LOAD build/obj/testsem.o
LOAD build/obj/testmtx.o
LOAD build/obj/testmsg.o
LOAD build/obj/testmbox.o
LOAD build/obj/testevt.o
LOAD build/obj/testheap.o
LOAD build/obj/testpools.o
LOAD build/obj/testdyn.o
LOAD build/obj/testqueues.o
LOAD build/obj/testbmk.o
LOAD build/obj/hal.o
LOAD build/obj/adc.o
LOAD build/obj/can.o
LOAD build/obj/ext.o
LOAD build/obj/gpt.o
LOAD build/obj/i2c.o
LOAD build/obj/icu.o
LOAD build/obj/mac.o
LOAD build/obj/mmc_spi.o
LOAD build/obj/mmcsd.o
LOAD build/obj/pal.o
LOAD build/obj/pwm.o
LOAD build/obj/rtc.o
LOAD build/obj/sdc.o
LOAD build/obj/serial.o
LOAD build/obj/serial_usb.o
LOAD build/obj/spi.o
LOAD build/obj/tm.o
LOAD build/obj/uart.o
LOAD build/obj/usb.o
LOAD build/obj/stm32_dma.o
LOAD build/obj/hal_lld.o
LOAD build/obj/adc_lld.o
LOAD build/obj/ext_lld_isr.o
LOAD build/obj/can_lld.o
LOAD build/obj/ext_lld.o
LOAD build/obj/pal_lld.o
LOAD build/obj/i2c_lld.o
LOAD build/obj/rtc_lld.o
LOAD build/obj/spi_lld.o
LOAD build/obj/gpt_lld.o
LOAD build/obj/icu_lld.o
LOAD build/obj/pwm_lld.o
LOAD build/obj/serial_lld.o
LOAD build/obj/uart_lld.o
LOAD build/obj/usb_lld.o
LOAD build/obj/board.o
LOAD build/obj/main.o
                0x00000400                __main_stack_size__ = 0x400
                0x00000400                __process_stack_size__ = 0x400
                0x20000000                __ram_start__ = ORIGIN (ram)
                0x0000a000                __ram_size__ = 0xa000
                0x2000a000                __ram_end__ = (__ram_start__ + __ram_size__)
                0x00000000                . = 0x0
                0x00000000                _text = .

startup         0x08000000      0x188
 *(vectors)
 vectors        0x08000000      0x188 build/obj/vectors.o
                0x08000000                _vectors

constructors    0x08000188        0x0
                0x08000188                PROVIDE (__init_array_start, .)
 *(SORT(.init_array.*))
 *(.init_array)
                0x08000188                PROVIDE (__init_array_end, .)

destructors     0x08000188        0x0
                0x08000188                PROVIDE (__fini_array_start, .)
 *(.fini_array)
 *(SORT(.fini_array.*))
                0x08000188                PROVIDE (__fini_array_end, .)

.text           0x08000190     0x7358
 *(.text.startup.*)
 .text.startup.main
                0x08000190       0x70 build/obj/main.o
                0x08000190                main
 *(.text)
 *(.text.*)
 .text.__late_init
                0x08000200       0x10 build/obj/crt0.o
                0x08000200                __late_init
 .text._default_exit
                0x08000210       0x10 build/obj/crt0.o
                0x08000210                _default_exit
 .text.ResetHandler
                0x08000220      0x1d0 build/obj/crt0.o
                0x08000220                ResetHandler
 .text._unhandled_exception
                0x080003f0       0x10 build/obj/vectors.o
                0x080003f0                Vector58
                0x080003f0                VectorE8
                0x080003f0                Vector9C
                0x080003f0                VectorAC
                0x080003f0                Vector5C
                0x080003f0                NMIVector
                0x080003f0                Vector11C
                0x080003f0                Vector8C
                0x080003f0                VectorDC
                0x080003f0                Vector168
                0x080003f0                Vector110
                0x080003f0                Vector120
                0x080003f0                VectorC8
                0x080003f0                Vector94
                0x080003f0                VectorA8
                0x080003f0                VectorB4
                0x080003f0                Vector74
                0x080003f0                Vector160
                0x080003f0                VectorEC
                0x080003f0                UsageFaultVector
                0x080003f0                DebugMonitorVector
                0x080003f0                Vector40
                0x080003f0                VectorF8
                0x080003f0                Vector108
                0x080003f0                VectorBC
                0x080003f0                Vector150
                0x080003f0                Vector124
                0x080003f0                Vector148
                0x080003f0                PendSVVector
                0x080003f0                Vector118
                0x080003f0                Vector64
                0x080003f0                VectorCC
                0x080003f0                Vector54
                0x080003f0                Vector98
                0x080003f0                VectorD8
                0x080003f0                Vector138
                0x080003f0                Vector24
                0x080003f0                Vector178
                0x080003f0                Vector84
                0x080003f0                BusFaultVector
                0x080003f0                VectorD0
                0x080003f0                Vector140
                0x080003f0                VectorE4
                0x080003f0                VectorC0
                0x080003f0                Vector158
                0x080003f0                Vector130
                0x080003f0                HardFaultVector
                0x080003f0                Vector134
                0x080003f0                VectorF0
                0x080003f0                Vector12C
                0x080003f0                Vector13C
                0x080003f0                Vector100
                0x080003f0                VectorE0
                0x080003f0                VectorF4
                0x080003f0                MemManageVector
                0x080003f0                Vector6C
                0x080003f0                VectorA0
                0x080003f0                VectorC4
                0x080003f0                Vector7C
                0x080003f0                Vector180
                0x080003f0                VectorB0
                0x080003f0                Vector90
                0x080003f0                Vector114
                0x080003f0                Vector164
                0x080003f0                Vector60
                0x080003f0                Vector1C
                0x080003f0                Vector17C
                0x080003f0                Vector48
                0x080003f0                Vector16C
                0x080003f0                Vector70
                0x080003f0                Vector4C
                0x080003f0                Vector144
                0x080003f0                Vector80
                0x080003f0                Vector15C
                0x080003f0                Vector68
                0x080003f0                Vector78
                0x080003f0                _unhandled_exception
                0x080003f0                Vector170
                0x080003f0                Vector88
                0x080003f0                Vector104
                0x080003f0                Vector184
                0x080003f0                Vector10C
                0x080003f0                Vector14C
                0x080003f0                Vector50
                0x080003f0                Vector154
                0x080003f0                Vector44
                0x080003f0                Vector28
                0x080003f0                VectorB8
                0x080003f0                VectorFC
                0x080003f0                Vector34
                0x080003f0                Vector128
                0x080003f0                VectorA4
                0x080003f0                Vector20
                0x080003f0                Vector174
 .text._port_switch_from_isr
                0x08000400       0x10 build/obj/chcore_v7m.o
                0x08000400                _port_switch_from_isr
 .text.SVCallVector
                0x08000410       0x20 build/obj/chcore_v7m.o
                0x08000410                SVCallVector
 .text._port_init
                0x08000430       0x40 build/obj/chcore_v7m.o
                0x08000430                _port_init
 .text._port_irq_epilogue
                0x08000470       0x70 build/obj/chcore_v7m.o
                0x08000470                _port_irq_epilogue
 .text.SysTickVector
                0x080004e0       0x20 build/obj/chcore_v7m.o
                0x080004e0                SysTickVector
 .text._port_switch
                0x08000500       0x10 build/obj/chcore_v7m.o
                0x08000500                _port_switch
 .text._port_thread_start
                0x08000510       0x10 build/obj/chcore_v7m.o
                0x08000510                _port_thread_start
 .text.nvicEnableVector
                0x08000520       0x50 build/obj/nvic.o
                0x08000520                nvicEnableVector
 .text.nvicSetSystemHandlerPriority
                0x08000570       0x30 build/obj/nvic.o
                0x08000570                nvicSetSystemHandlerPriority
 .text._idle_thread
                0x080005a0       0x20 build/obj/chsys.o
                0x080005a0                _idle_thread
 .text.chSysInit
                0x080005c0       0x70 build/obj/chsys.o
                0x080005c0                chSysInit
 .text.chSysTimerHandlerI
                0x08000630       0x60 build/obj/chsys.o
                0x08000630                chSysTimerHandlerI
 .text._vt_init
                0x08000690       0x20 build/obj/chvt.o
                0x08000690                _vt_init
 .text.chVTSetI
                0x080006b0       0x40 build/obj/chvt.o
                0x080006b0                chVTSetI
 .text.chVTResetI
                0x080006f0       0x30 build/obj/chvt.o
                0x080006f0                chVTResetI
 .text.wakeup   0x08000720       0x60 build/obj/chschd.o
 .text._scheduler_init
                0x08000780       0x20 build/obj/chschd.o
                0x08000780                _scheduler_init
 .text.chSchReadyI
                0x080007a0       0x20 build/obj/chschd.o
                0x080007a0                chSchReadyI
 .text.chSchGoSleepS
                0x080007c0       0x30 build/obj/chschd.o
                0x080007c0                chSchGoSleepS
 .text.chSchGoSleepTimeoutS
                0x080007f0       0x40 build/obj/chschd.o
                0x080007f0                chSchGoSleepTimeoutS
 .text.chSchWakeupS
                0x08000830       0x60 build/obj/chschd.o
                0x08000830                chSchWakeupS
 .text.chSchDoRescheduleBehind
                0x08000890       0x40 build/obj/chschd.o
                0x08000890                chSchDoRescheduleBehind
 .text.chSchDoRescheduleAhead
                0x080008d0       0x40 build/obj/chschd.o
                0x080008d0                chSchDoRescheduleAhead
 .text.chSchRescheduleS
                0x08000910       0x20 build/obj/chschd.o
                0x08000910                chSchRescheduleS
 .text.chSchDoReschedule
                0x08000930       0x20 build/obj/chschd.o
                0x08000930                chSchDoReschedule
 .text._thread_init
                0x08000950       0x50 build/obj/chthreads.o
                0x08000950                _thread_init
 .text.chThdCreateI
                0x080009a0       0x70 build/obj/chthreads.o
                0x080009a0                chThdCreateI
 .text.chThdCreateStatic
                0x08000a10       0x30 build/obj/chthreads.o
                0x08000a10                chThdCreateStatic
 .text.chThdSetPriority
                0x08000a40       0x30 build/obj/chthreads.o
                0x08000a40                chThdSetPriority
 .text.chThdResume
                0x08000a70       0x20 build/obj/chthreads.o
                0x08000a70                chThdResume
 .text.chThdTerminate
                0x08000a90       0x20 build/obj/chthreads.o
                0x08000a90                chThdTerminate
 .text.chThdSleep
                0x08000ab0       0x20 build/obj/chthreads.o
                0x08000ab0                chThdSleep
 .text.chThdSleepUntil
                0x08000ad0       0x30 build/obj/chthreads.o
                0x08000ad0                chThdSleepUntil
 .text.chThdYield
                0x08000b00       0x30 build/obj/chthreads.o
                0x08000b00                chThdYield
 .text.chThdExitS
                0x08000b30       0x40 build/obj/chthreads.o
                0x08000b30                chThdExitS
 .text.chThdExit
                0x08000b70       0x10 build/obj/chthreads.o
                0x08000b70                chThdExit
 .text.chThdWait
                0x08000b80       0x40 build/obj/chthreads.o
                0x08000b80                chThdWait
 .text.chThdAddRef
                0x08000bc0       0x20 build/obj/chdynamic.o
                0x08000bc0                chThdAddRef
 .text.chThdRelease
                0x08000be0       0x50 build/obj/chdynamic.o
                0x08000be0                chThdRelease
 .text.chThdCreateFromHeap
                0x08000c30       0x40 build/obj/chdynamic.o
                0x08000c30                chThdCreateFromHeap
 .text.chThdCreateFromMemoryPool
                0x08000c70       0x50 build/obj/chdynamic.o
                0x08000c70                chThdCreateFromMemoryPool
 .text.chRegFirstThread
                0x08000cc0       0x20 build/obj/chregistry.o
                0x08000cc0                chRegFirstThread
 .text.chRegNextThread
                0x08000ce0       0x30 build/obj/chregistry.o
                0x08000ce0                chRegNextThread
 .text.chSemInit
                0x08000d10       0x10 build/obj/chsem.o
                0x08000d10                chSemInit
 .text.chSemResetI
                0x08000d20       0x70 build/obj/chsem.o
                0x08000d20                chSemResetI
 .text.chSemReset
                0x08000d90       0x20 build/obj/chsem.o
                0x08000d90                chSemReset
 .text.chSemWaitS
                0x08000db0       0x40 build/obj/chsem.o
                0x08000db0                chSemWaitS
 .text.chSemWait
                0x08000df0       0x20 build/obj/chsem.o
                0x08000df0                chSemWait
 .text.chSemWaitTimeoutS
                0x08000e10       0x40 build/obj/chsem.o
                0x08000e10                chSemWaitTimeoutS
 .text.chSemWaitTimeout
                0x08000e50       0x20 build/obj/chsem.o
                0x08000e50                chSemWaitTimeout
 .text.chSemSignal
                0x08000e70       0x30 build/obj/chsem.o
                0x08000e70                chSemSignal
 .text.chSemSignalI
                0x08000ea0       0x20 build/obj/chsem.o
                0x08000ea0                chSemSignalI
 .text.chSemAddCounterI
                0x08000ec0       0xa0 build/obj/chsem.o
                0x08000ec0                chSemAddCounterI
 .text.chSemSignalWait
                0x08000f60       0x70 build/obj/chsem.o
                0x08000f60                chSemSignalWait
 .text.chMtxInit
                0x08000fd0       0x10 build/obj/chmtx.o
                0x08000fd0                chMtxInit
 .text.chMtxLockS
                0x08000fe0       0xd0 build/obj/chmtx.o
                0x08000fe0                chMtxLockS
 .text.chMtxLock
                0x080010b0       0x20 build/obj/chmtx.o
                0x080010b0                chMtxLock
 .text.chMtxTryLock
                0x080010d0       0x30 build/obj/chmtx.o
                0x080010d0                chMtxTryLock
 .text.chMtxUnlock
                0x08001100       0x60 build/obj/chmtx.o
                0x08001100                chMtxUnlock
 .text.chMtxUnlockS
                0x08001160       0x50 build/obj/chmtx.o
                0x08001160                chMtxUnlockS
 .text.chMtxUnlockAll
                0x080011b0       0x60 build/obj/chmtx.o
                0x080011b0                chMtxUnlockAll
 .text.chCondInit
                0x08001210       0x10 build/obj/chcond.o
                0x08001210                chCondInit
 .text.chCondSignal
                0x08001220       0x30 build/obj/chcond.o
                0x08001220                chCondSignal
 .text.chCondSignalI
                0x08001250       0x20 build/obj/chcond.o
                0x08001250                chCondSignalI
 .text.chCondBroadcastI
                0x08001270       0x30 build/obj/chcond.o
                0x08001270                chCondBroadcastI
 .text.chCondBroadcast
                0x080012a0       0x20 build/obj/chcond.o
                0x080012a0                chCondBroadcast
 .text.chCondWaitS
                0x080012c0       0x50 build/obj/chcond.o
                0x080012c0                chCondWaitS
 .text.chCondWait
                0x08001310       0x20 build/obj/chcond.o
                0x08001310                chCondWait
 .text.chCondWaitTimeoutS
                0x08001330       0x50 build/obj/chcond.o
                0x08001330                chCondWaitTimeoutS
 .text.chCondWaitTimeout
                0x08001380       0x20 build/obj/chcond.o
                0x08001380                chCondWaitTimeout
 .text.chEvtRegisterMask
                0x080013a0       0x30 build/obj/chevents.o
                0x080013a0                chEvtRegisterMask
 .text.chEvtUnregister
                0x080013d0       0x30 build/obj/chevents.o
                0x080013d0                chEvtUnregister
 .text.chEvtGetAndClearEvents
                0x08001400       0x30 build/obj/chevents.o
                0x08001400                chEvtGetAndClearEvents
 .text.chEvtAddEvents
                0x08001430       0x20 build/obj/chevents.o
                0x08001430                chEvtAddEvents
 .text.chEvtSignalI
                0x08001450       0x30 build/obj/chevents.o
                0x08001450                chEvtSignalI
 .text.chEvtSignal
                0x08001480       0x20 build/obj/chevents.o
                0x08001480                chEvtSignal
 .text.chEvtBroadcastFlagsI
                0x080014a0       0x20 build/obj/chevents.o
                0x080014a0                chEvtBroadcastFlagsI
 .text.chEvtBroadcastFlags
                0x080014c0       0x20 build/obj/chevents.o
                0x080014c0                chEvtBroadcastFlags
 .text.chEvtDispatch
                0x080014e0       0x30 build/obj/chevents.o
                0x080014e0                chEvtDispatch
 .text.chEvtWaitOne
                0x08001510       0x40 build/obj/chevents.o
                0x08001510                chEvtWaitOne
 .text.chEvtWaitAny
                0x08001550       0x40 build/obj/chevents.o
                0x08001550                chEvtWaitAny
 .text.chEvtWaitAll
                0x08001590       0x40 build/obj/chevents.o
                0x08001590                chEvtWaitAll
 .text.chEvtWaitOneTimeout
                0x080015d0       0x50 build/obj/chevents.o
                0x080015d0                chEvtWaitOneTimeout
 .text.chEvtWaitAnyTimeout
                0x08001620       0x50 build/obj/chevents.o
                0x08001620                chEvtWaitAnyTimeout
 .text.chEvtWaitAllTimeout
                0x08001670       0x60 build/obj/chevents.o
                0x08001670                chEvtWaitAllTimeout
 .text.chMsgSend
                0x080016d0       0x40 build/obj/chmsg.o
                0x080016d0                chMsgSend
 .text.chMsgWait
                0x08001710       0x40 build/obj/chmsg.o
                0x08001710                chMsgWait
 .text.chMsgRelease
                0x08001750       0x20 build/obj/chmsg.o
                0x08001750                chMsgRelease
 .text.chMBInit
                0x08001770       0x30 build/obj/chmboxes.o
                0x08001770                chMBInit
 .text.chMBReset
                0x080017a0       0x40 build/obj/chmboxes.o
                0x080017a0                chMBReset
 .text.chMBPostS
                0x080017e0       0x40 build/obj/chmboxes.o
                0x080017e0                chMBPostS
 .text.chMBPost
                0x08001820       0x20 build/obj/chmboxes.o
                0x08001820                chMBPost
 .text.chMBPostI
                0x08001840       0x30 build/obj/chmboxes.o
                0x08001840                chMBPostI
 .text.chMBPostAheadS
                0x08001870       0x40 build/obj/chmboxes.o
                0x08001870                chMBPostAheadS
 .text.chMBPostAhead
                0x080018b0       0x20 build/obj/chmboxes.o
                0x080018b0                chMBPostAhead
 .text.chMBPostAheadI
                0x080018d0       0x30 build/obj/chmboxes.o
                0x080018d0                chMBPostAheadI
 .text.chMBFetchS
                0x08001900       0x40 build/obj/chmboxes.o
                0x08001900                chMBFetchS
 .text.chMBFetch
                0x08001940       0x20 build/obj/chmboxes.o
                0x08001940                chMBFetch
 .text.chMBFetchI
                0x08001960       0x30 build/obj/chmboxes.o
                0x08001960                chMBFetchI
 .text.qwait    0x08001990       0x30 build/obj/chqueues.o
 .text.chIQInit
                0x080019c0       0x20 build/obj/chqueues.o
                0x080019c0                chIQInit
 .text.chIQResetI
                0x080019e0       0x30 build/obj/chqueues.o
                0x080019e0                chIQResetI
 .text.chIQPutI
                0x08001a10       0x50 build/obj/chqueues.o
                0x08001a10                chIQPutI
 .text.chIQGetTimeout
                0x08001a60       0x50 build/obj/chqueues.o
                0x08001a60                chIQGetTimeout
 .text.chIQReadTimeout
                0x08001ab0       0x80 build/obj/chqueues.o
                0x08001ab0                chIQReadTimeout
 .text.chOQInit
                0x08001b30       0x20 build/obj/chqueues.o
                0x08001b30                chOQInit
 .text.chOQResetI
                0x08001b50       0x30 build/obj/chqueues.o
                0x08001b50                chOQResetI
 .text.chOQPutTimeout
                0x08001b80       0x50 build/obj/chqueues.o
                0x08001b80                chOQPutTimeout
 .text.chOQGetI
                0x08001bd0       0x50 build/obj/chqueues.o
                0x08001bd0                chOQGetI
 .text.chOQWriteTimeout
                0x08001c20       0x80 build/obj/chqueues.o
                0x08001c20                chOQWriteTimeout
 .text._core_init
                0x08001ca0       0x30 build/obj/chmemcore.o
                0x08001ca0                _core_init
 .text.chCoreAlloc
                0x08001cd0       0x40 build/obj/chmemcore.o
                0x08001cd0                chCoreAlloc
 .text.chCoreStatus
                0x08001d10       0x20 build/obj/chmemcore.o
                0x08001d10                chCoreStatus
 .text._heap_init
                0x08001d30       0x20 build/obj/chheap.o
                0x08001d30                _heap_init
 .text.chHeapInit
                0x08001d50       0x20 build/obj/chheap.o
                0x08001d50                chHeapInit
 .text.chHeapAlloc
                0x08001d70       0x90 build/obj/chheap.o
                0x08001d70                chHeapAlloc
 .text.chHeapFree
                0x08001e00       0x90 build/obj/chheap.o
                0x08001e00                chHeapFree
 .text.chHeapStatus
                0x08001e90       0x40 build/obj/chheap.o
                0x08001e90                chHeapStatus
 .text.chPoolInit
                0x08001ed0       0x10 build/obj/chmempools.o
                0x08001ed0                chPoolInit
 .text.chPoolLoadArray
                0x08001ee0       0x80 build/obj/chmempools.o
                0x08001ee0                chPoolLoadArray
 .text.chPoolAlloc
                0x08001f60       0x30 build/obj/chmempools.o
                0x08001f60                chPoolAlloc
 .text.chPoolFree
                0x08001f90       0x20 build/obj/chmempools.o
                0x08001f90                chPoolFree
 .text.tmr      0x08001fb0       0x10 build/obj/test.o
 .text.print_line
                0x08001fc0       0x40 build/obj/test.o
 .text.test_printn
                0x08002000       0x90 build/obj/test.o
                0x08002000                test_printn
 .text.test_print
                0x08002090       0x20 build/obj/test.o
                0x08002090                test_print
 .text.test_println
                0x080020b0       0x30 build/obj/test.o
                0x080020b0                test_println
 .text.test_emit_token
                0x080020e0       0x20 build/obj/test.o
                0x080020e0                test_emit_token
 .text._test_assert
                0x08002100       0x30 build/obj/test.o
                0x08002100                _test_assert
 .text._test_assert_sequence
                0x08002130       0x80 build/obj/test.o
                0x08002130                _test_assert_sequence
 .text._test_assert_time_window
                0x080021b0       0x40 build/obj/test.o
                0x080021b0                _test_assert_time_window
 .text.test_terminate_threads
                0x080021f0       0x40 build/obj/test.o
                0x080021f0                test_terminate_threads
 .text.test_wait_threads
                0x08002230       0x50 build/obj/test.o
                0x08002230                test_wait_threads
 .text.test_cpu_pulse
                0x08002280       0x50 build/obj/test.o
                0x08002280                test_cpu_pulse
 .text.test_wait_tick
                0x080022d0       0x20 build/obj/test.o
                0x080022d0                test_wait_tick
 .text.test_start_timer
                0x080022f0       0x50 build/obj/test.o
                0x080022f0                test_start_timer
 .text.TestThread
                0x08002340      0x320 build/obj/test.o
                0x08002340                TestThread
 .text.thd3_execute
                0x08002660      0x140 build/obj/testthd.o
 .text.thd2_execute
                0x080027a0       0xf0 build/obj/testthd.o
 .text.thd1_execute
                0x08002890       0xf0 build/obj/testthd.o
 .text.thread   0x08002980       0x10 build/obj/testthd.o
 .text.thd4_execute
                0x08002990       0x80 build/obj/testthd.o
 .text.sem3_setup
                0x08002a10       0x10 build/obj/testsem.o
 .text.sem2_setup
                0x08002a20       0x10 build/obj/testsem.o
 .text.sem1_setup
                0x08002a30       0x10 build/obj/testsem.o
 .text.sem4_execute
                0x08002a40      0x100 build/obj/testsem.o
 .text.thread4  0x08002b40       0x30 build/obj/testsem.o
 .text.thread3  0x08002b70       0x20 build/obj/testsem.o
 .text.thread1  0x08002b90       0x20 build/obj/testsem.o
 .text.thread2  0x08002bb0       0x30 build/obj/testsem.o
 .text.sem1_execute
                0x08002be0      0x150 build/obj/testsem.o
 .text.sem3_execute
                0x08002d30       0xa0 build/obj/testsem.o
 .text.sem2_execute
                0x08002dd0      0x2a0 build/obj/testsem.o
 .text.mtx8_execute
                0x08003070       0xb0 build/obj/testmtx.o
 .text.thread12
                0x08003120       0x20 build/obj/testmtx.o
 .text.thread1  0x08003140       0x20 build/obj/testmtx.o
 .text.thread10
                0x08003160       0x30 build/obj/testmtx.o
 .text.thread11
                0x08003190       0x40 build/obj/testmtx.o
 .text.mtx8_setup
                0x080031d0       0x30 build/obj/testmtx.o
 .text.mtx7_setup
                0x08003200       0x20 build/obj/testmtx.o
 .text.mtx6_setup
                0x08003220       0x20 build/obj/testmtx.o
 .text.mtx5_setup
                0x08003240       0x10 build/obj/testmtx.o
 .text.mtx4_setup
                0x08003250       0x20 build/obj/testmtx.o
 .text.mtx3_setup
                0x08003270       0x20 build/obj/testmtx.o
 .text.mtx2_setup
                0x08003290       0x10 build/obj/testmtx.o
 .text.mtx1_setup
                0x080032a0       0x10 build/obj/testmtx.o
 .text.mtx7_execute
                0x080032b0       0xd0 build/obj/testmtx.o
 .text.mtx6_execute
                0x08003380      0x100 build/obj/testmtx.o
 .text.mtx1_execute
                0x08003480       0xe0 build/obj/testmtx.o
 .text.mtx5_execute
                0x08003560       0xd0 build/obj/testmtx.o
 .text.mtx4_execute
                0x08003630      0x270 build/obj/testmtx.o
 .text.thread4b
                0x080038a0       0x20 build/obj/testmtx.o
 .text.thread4a
                0x080038c0       0x20 build/obj/testmtx.o
 .text.mtx3_execute
                0x080038e0       0xf0 build/obj/testmtx.o
 .text.mtx2_execute
                0x080039d0       0xb0 build/obj/testmtx.o
 .text.thread3HH
                0x08003a80       0x30 build/obj/testmtx.o
 .text.thread3H
                0x08003ab0       0x20 build/obj/testmtx.o
 .text.thread3M
                0x08003ad0       0x30 build/obj/testmtx.o
 .text.thread3L
                0x08003b00       0x50 build/obj/testmtx.o
 .text.thread3LL
                0x08003b50       0x30 build/obj/testmtx.o
 .text.thread2L
                0x08003b80       0x30 build/obj/testmtx.o
 .text.thread2M
                0x08003bb0       0x20 build/obj/testmtx.o
 .text.thread2H
                0x08003bd0       0x30 build/obj/testmtx.o
 .text.msg1_execute
                0x08003c00       0x90 build/obj/testmsg.o
 .text.thread   0x08003c90       0x20 build/obj/testmsg.o
 .text.mbox1_execute
                0x08003cb0      0x690 build/obj/testmbox.o
 .text.mbox1_setup
                0x08004340       0x20 build/obj/testmbox.o
 .text.evt3_setup
                0x08004360       0x10 build/obj/testevt.o
 .text.evt2_setup
                0x08004370       0x10 build/obj/testevt.o
 .text.evt1_setup
                0x08004380       0x10 build/obj/testevt.o
 .text.evt2_execute
                0x08004390      0x260 build/obj/testevt.o
 .text.thread2  0x080045f0       0x30 build/obj/testevt.o
 .text.thread1  0x08004620       0x20 build/obj/testevt.o
 .text.evt1_execute
                0x08004640       0x90 build/obj/testevt.o
 .text.h3       0x080046d0       0x10 build/obj/testevt.o
 .text.h2       0x080046e0       0x10 build/obj/testevt.o
 .text.h1       0x080046f0       0x10 build/obj/testevt.o
 .text.evt3_execute
                0x08004700       0xb0 build/obj/testevt.o
 .text.heap1_execute
                0x080047b0      0x250 build/obj/testheap.o
 .text.heap1_setup
                0x08004a00       0x20 build/obj/testheap.o
 .text.null_provider
                0x08004a20       0x10 build/obj/testpools.o
 .text.pools1_setup
                0x08004a30       0x20 build/obj/testpools.o
 .text.pools1_execute
                0x08004a50      0x170 build/obj/testpools.o
 .text.regfind  0x08004bc0       0x30 build/obj/testdyn.o
 .text.dyn3_execute
                0x08004bf0      0x140 build/obj/testdyn.o
 .text.thread   0x08004d30       0x10 build/obj/testdyn.o
 .text.dyn3_setup
                0x08004d40       0x20 build/obj/testdyn.o
 .text.dyn1_setup
                0x08004d60       0x20 build/obj/testdyn.o
 .text.dyn2_execute
                0x08004d80      0x140 build/obj/testdyn.o
 .text.dyn2_setup
                0x08004ec0       0x20 build/obj/testdyn.o
 .text.dyn1_execute
                0x08004ee0       0xf0 build/obj/testdyn.o
 .text.notify   0x08004fd0       0x10 build/obj/testqueues.o
 .text.thread2  0x08004fe0       0x20 build/obj/testqueues.o
 .text.queues2_setup
                0x08005000       0x30 build/obj/testqueues.o
 .text.thread1  0x08005030       0x20 build/obj/testqueues.o
 .text.queues1_setup
                0x08005050       0x30 build/obj/testqueues.o
 .text.queues2_execute
                0x08005080      0x2d0 build/obj/testqueues.o
 .text.queues1_execute
                0x08005350      0x300 build/obj/testqueues.o
 .text.thread2  0x08005650       0x10 build/obj/testbmk.o
 .text.tmo      0x08005660       0x10 build/obj/testbmk.o
 .text.bmk13_execute
                0x08005670      0x100 build/obj/testbmk.o
 .text.bmk12_execute
                0x08005770       0x70 build/obj/testbmk.o
 .text.bmk12_setup
                0x080057e0       0x10 build/obj/testbmk.o
 .text.thread3  0x080057f0       0x30 build/obj/testbmk.o
 .text.bmk11_execute
                0x08005820       0x70 build/obj/testbmk.o
 .text.bmk11_setup
                0x08005890       0x10 build/obj/testbmk.o
 .text.bmk7_setup
                0x080058a0       0x10 build/obj/testbmk.o
 .text.bmk10_execute
                0x080058b0       0x80 build/obj/testbmk.o
 .text.bmk9_execute
                0x08005930       0xb0 build/obj/testbmk.o
 .text.bmk6_execute
                0x080059e0       0x70 build/obj/testbmk.o
 .text.bmk8_execute
                0x08005a50       0xf0 build/obj/testbmk.o
 .text.thread8  0x08005b40       0x40 build/obj/testbmk.o
 .text.bmk7_execute
                0x08005b80      0x110 build/obj/testbmk.o
 .text.bmk5_execute
                0x08005c90       0x80 build/obj/testbmk.o
 .text.bmk4_execute
                0x08005d10       0xc0 build/obj/testbmk.o
 .text.msg_loop_test
                0x08005dd0       0x40 build/obj/testbmk.o
 .text.bmk3_execute
                0x08005e10       0xe0 build/obj/testbmk.o
 .text.bmk2_execute
                0x08005ef0       0x80 build/obj/testbmk.o
 .text.bmk1_execute
                0x08005f70       0x80 build/obj/testbmk.o
 .text.thread1  0x08005ff0       0x20 build/obj/testbmk.o
 .text.thread4  0x08006010       0x30 build/obj/testbmk.o
                0x08006010                thread4
 .text.halInit  0x08006040       0x20 build/obj/hal.o
                0x08006040                halInit
 .text.readt    0x08006060       0x10 build/obj/serial.o
 .text.read     0x08006070       0x10 build/obj/serial.o
 .text.writet   0x08006080       0x10 build/obj/serial.o
 .text.write    0x08006090       0x10 build/obj/serial.o
 .text.gett     0x080060a0       0x10 build/obj/serial.o
 .text.get      0x080060b0       0x10 build/obj/serial.o
 .text.putt     0x080060c0       0x10 build/obj/serial.o
 .text.put      0x080060d0       0x10 build/obj/serial.o
 .text.sdInit   0x080060e0       0x10 build/obj/serial.o
                0x080060e0                sdInit
 .text.sdObjectInit
                0x080060f0       0x50 build/obj/serial.o
                0x080060f0                sdObjectInit
 .text.sdStart  0x08006140       0x20 build/obj/serial.o
                0x08006140                sdStart
 .text.sdIncomingDataI
                0x08006160       0x40 build/obj/serial.o
                0x08006160                sdIncomingDataI
 .text.hal_lld_init
                0x080061a0       0xc0 build/obj/hal_lld.o
                0x080061a0                hal_lld_init
 .text.stm32_clock_init
                0x08006260       0xc0 build/obj/hal_lld.o
                0x08006260                stm32_clock_init
 .text._pal_lld_init
                0x08006320      0x100 build/obj/pal_lld.o
                0x08006320                _pal_lld_init
 .text._pal_lld_setgroupmode
                0x08006420       0xd0 build/obj/pal_lld.o
                0x08006420                _pal_lld_setgroupmode
 .text.notify1  0x080064f0       0x20 build/obj/serial_lld.o
 .text.VectorD4
                0x08006510      0x100 build/obj/serial_lld.o
                0x08006510                VectorD4
 .text.sd_lld_init
                0x08006610       0x30 build/obj/serial_lld.o
                0x08006610                sd_lld_init
 .text.sd_lld_start
                0x08006640       0x70 build/obj/serial_lld.o
                0x08006640                sd_lld_start
 .text.__early_init
                0x080066b0       0x10 build/obj/board.o
                0x080066b0                __early_init
 .text.boardInit
                0x080066c0       0x10 build/obj/board.o
                0x080066c0                boardInit
 .text.Thread1  0x080066d0       0xa0 build/obj/main.o
 *(.rodata)
 *(.rodata.*)
 .rodata.str1.4
                0x08006770        0x5 build/obj/chsys.o
                                  0x8 (size before relaxing)
 *fill*         0x08006775        0xb 00
 .rodata.ch_debug
                0x08006780       0x18 build/obj/chregistry.o
                0x08006780                ch_debug
 *fill*         0x08006798        0x8 00
 .rodata.wa     0x080067a0       0x14 build/obj/test.o
                0x080067a0                wa
 *fill*         0x080067b4        0xc 00
 .rodata.str1.4
                0x080067c0      0x1ff build/obj/test.o
                                0x20c (size before relaxing)
 *fill*         0x080069bf        0x1 00
 .rodata.patterns
                0x080069c0       0x30 build/obj/test.o
 .rodata.testthd1
                0x080069f0       0x10 build/obj/testthd.o
                0x080069f0                testthd1
 .rodata.testthd2
                0x08006a00       0x10 build/obj/testthd.o
                0x08006a00                testthd2
 .rodata.testthd3
                0x08006a10       0x10 build/obj/testthd.o
                0x08006a10                testthd3
 .rodata.testthd4
                0x08006a20       0x10 build/obj/testthd.o
                0x08006a20                testthd4
 .rodata.patternthd
                0x08006a30       0x14 build/obj/testthd.o
                0x08006a30                patternthd
 *fill*         0x08006a44        0xc 00
 .rodata.str1.4
                0x08006a50       0x7b build/obj/testthd.o
                                 0x80 (size before relaxing)
 *fill*         0x08006acb        0x5 00
 .rodata.testsem1
                0x08006ad0       0x10 build/obj/testsem.o
                0x08006ad0                testsem1
 .rodata.testsem2
                0x08006ae0       0x10 build/obj/testsem.o
                0x08006ae0                testsem2
 .rodata.testsem3
                0x08006af0       0x10 build/obj/testsem.o
                0x08006af0                testsem3
 .rodata.testsem4
                0x08006b00       0x10 build/obj/testsem.o
                0x08006b00                testsem4
 .rodata.patternsem
                0x08006b10       0x14 build/obj/testsem.o
                0x08006b10                patternsem
 *fill*         0x08006b24        0xc 00
 .rodata.str1.4
                0x08006b30       0x6e build/obj/testsem.o
                                 0x8c (size before relaxing)
 *fill*         0x08006b9e        0x2 00
 .rodata.testmtx5
                0x08006ba0       0x10 build/obj/testmtx.o
                0x08006ba0                testmtx5
 .rodata.testmtx6
                0x08006bb0       0x10 build/obj/testmtx.o
                0x08006bb0                testmtx6
 .rodata.testmtx7
                0x08006bc0       0x10 build/obj/testmtx.o
                0x08006bc0                testmtx7
 .rodata.testmtx8
                0x08006bd0       0x10 build/obj/testmtx.o
                0x08006bd0                testmtx8
 .rodata.str1.4
                0x08006be0       0xed build/obj/testmtx.o
                                0x10c (size before relaxing)
 *fill*         0x08006ccd        0x3 00
 .rodata.patternmtx
                0x08006cd0       0x24 build/obj/testmtx.o
                0x08006cd0                patternmtx
 *fill*         0x08006cf4        0xc 00
 .rodata.testmtx1
                0x08006d00       0x10 build/obj/testmtx.o
                0x08006d00                testmtx1
 .rodata.testmtx2
                0x08006d10       0x10 build/obj/testmtx.o
                0x08006d10                testmtx2
 .rodata.testmtx3
                0x08006d20       0x10 build/obj/testmtx.o
                0x08006d20                testmtx3
 .rodata.testmtx4
                0x08006d30       0x10 build/obj/testmtx.o
                0x08006d30                testmtx4
 .rodata.testmsg1
                0x08006d40       0x10 build/obj/testmsg.o
                0x08006d40                testmsg1
 .rodata.str1.4
                0x08006d50        0xf build/obj/testmsg.o
                                 0x14 (size before relaxing)
 *fill*         0x08006d5f        0x1 00
 .rodata.patternmsg
                0x08006d60        0x8 build/obj/testmsg.o
                0x08006d60                patternmsg
 *fill*         0x08006d68        0x8 00
 .rodata.patternmbox
                0x08006d70        0x8 build/obj/testmbox.o
                0x08006d70                patternmbox
 *fill*         0x08006d78        0x8 00
 .rodata.str1.4
                0x08006d80       0x20 build/obj/testmbox.o
                                 0x28 (size before relaxing)
 .rodata.testmbox1
                0x08006da0       0x10 build/obj/testmbox.o
                0x08006da0                testmbox1
 .rodata.patternevt
                0x08006db0       0x10 build/obj/testevt.o
                0x08006db0                patternevt
 .rodata.testevt2
                0x08006dc0       0x10 build/obj/testevt.o
                0x08006dc0                testevt2
 .rodata.str1.4
                0x08006dd0       0x52 build/obj/testevt.o
                                 0x5c (size before relaxing)
 *fill*         0x08006e22        0xe 00
 .rodata.testevt1
                0x08006e30       0x10 build/obj/testevt.o
                0x08006e30                testevt1
 .rodata.evhndl
                0x08006e40        0xc build/obj/testevt.o
 *fill*         0x08006e4c        0x4 00
 .rodata.testevt3
                0x08006e50       0x10 build/obj/testevt.o
                0x08006e50                testevt3
 .rodata.patternheap
                0x08006e60        0x8 build/obj/testheap.o
                0x08006e60                patternheap
 *fill*         0x08006e68        0x8 00
 .rodata.str1.4
                0x08006e70       0x28 build/obj/testheap.o
 *fill*         0x08006e98        0x8 00
 .rodata.testheap1
                0x08006ea0       0x10 build/obj/testheap.o
                0x08006ea0                testheap1
 .rodata.str1.4
                0x08006eb0       0x1c build/obj/testpools.o
 *fill*         0x08006ecc        0x4 00
 .rodata.patternpools
                0x08006ed0        0x8 build/obj/testpools.o
                0x08006ed0                patternpools
 *fill*         0x08006ed8        0x8 00
 .rodata.testpools1
                0x08006ee0       0x10 build/obj/testpools.o
                0x08006ee0                testpools1
 .rodata.testdyn1
                0x08006ef0       0x10 build/obj/testdyn.o
                0x08006ef0                testdyn1
 .rodata.testdyn2
                0x08006f00       0x10 build/obj/testdyn.o
                0x08006f00                testdyn2
 .rodata.testdyn3
                0x08006f10       0x10 build/obj/testdyn.o
                0x08006f10                testdyn3
 .rodata.str1.4
                0x08006f20       0x8d build/obj/testdyn.o
                                 0xa4 (size before relaxing)
 *fill*         0x08006fad        0x3 00
 .rodata.patterndyn
                0x08006fb0       0x10 build/obj/testdyn.o
                0x08006fb0                patterndyn
 .rodata.testqueues1
                0x08006fc0       0x10 build/obj/testqueues.o
                0x08006fc0                testqueues1
 .rodata.testqueues2
                0x08006fd0       0x10 build/obj/testqueues.o
                0x08006fd0                testqueues2
 .rodata.str1.4
                0x08006fe0       0x2d build/obj/testqueues.o
                                 0x38 (size before relaxing)
 *fill*         0x0800700d        0x3 00
 .rodata.patternqueues
                0x08007010        0xc build/obj/testqueues.o
                0x08007010                patternqueues
 *fill*         0x0800701c        0x4 00
 .rodata.testbmk8
                0x08007020       0x10 build/obj/testbmk.o
                0x08007020                testbmk8
 .rodata.testbmk10
                0x08007030       0x10 build/obj/testbmk.o
                0x08007030                testbmk10
 .rodata.testbmk5
                0x08007040       0x10 build/obj/testbmk.o
                0x08007040                testbmk5
 .rodata.testbmk4
                0x08007050       0x10 build/obj/testbmk.o
                0x08007050                testbmk4
 .rodata.testbmk3
                0x08007060       0x10 build/obj/testbmk.o
                0x08007060                testbmk3
 .rodata.testbmk13
                0x08007070       0x10 build/obj/testbmk.o
                0x08007070                testbmk13
 .rodata.testbmk2
                0x08007080       0x10 build/obj/testbmk.o
                0x08007080                testbmk2
 .rodata.str1.4
                0x08007090      0x2c7 build/obj/testbmk.o
                                0x2c8 (size before relaxing)
 *fill*         0x08007357        0x9 00
 .rodata.testbmk9
                0x08007360       0x10 build/obj/testbmk.o
                0x08007360                testbmk9
 .rodata.testbmk1
                0x08007370       0x10 build/obj/testbmk.o
                0x08007370                testbmk1
 .rodata.testbmk11
                0x08007380       0x10 build/obj/testbmk.o
                0x08007380                testbmk11
 .rodata.testbmk12
                0x08007390       0x10 build/obj/testbmk.o
                0x08007390                testbmk12
 .rodata.patternbmk
                0x080073a0       0x38 build/obj/testbmk.o
                0x080073a0                patternbmk
 *fill*         0x080073d8        0x8 00
 .rodata.testbmk6
                0x080073e0       0x10 build/obj/testbmk.o
                0x080073e0                testbmk6
 .rodata.testbmk7
                0x080073f0       0x10 build/obj/testbmk.o
                0x080073f0                testbmk7
 .rodata.vmt    0x08007400       0x20 build/obj/serial.o
 .rodata.default_config
                0x08007420       0x10 build/obj/serial_lld.o
 .rodata.pal_default_config
                0x08007430       0xa8 build/obj/board.o
                0x08007430                pal_default_config
 *fill*         0x080074d8        0x8 00
 .rodata.str1.4
                0x080074e0        0x8 build/obj/main.o
 *(.glue_7t)
 .glue_7t       0x00000000        0x0 linker stubs
 *(.glue_7)
 .glue_7        0x00000000        0x0 linker stubs
 *(.gcc*)

.vfp11_veneer   0x080074e8        0x0
 .vfp11_veneer  0x00000000        0x0 linker stubs

.v4_bx          0x080074e8        0x0
 .v4_bx         0x00000000        0x0 linker stubs

.iplt           0x080074e8        0x0
 .iplt          0x00000000        0x0 build/obj/crt0.o

.rel.dyn        0x080074e8        0x0
 .rel.iplt      0x00000000        0x0 build/obj/crt0.o

.ARM.extab
 *(.ARM.extab* .gnu.linkonce.armextab.*)

.ARM.exidx      0x080074e8        0x0
                0x080074e8                PROVIDE (__exidx_start, .)
 *(.ARM.exidx* .gnu.linkonce.armexidx.*)
                0x080074e8                PROVIDE (__exidx_end, .)

.eh_frame_hdr
 *(.eh_frame_hdr)

.eh_frame
 *(.eh_frame)

.textalign      0x080074e8        0x0
                0x080074e8                . = ALIGN (0x8)
                0x080074e8                . = ALIGN (0x4)
                0x080074e8                _etext = .
                0x080074e8                _textdata = _etext

.stacks         0x20000000      0x800
                0x20000000                . = ALIGN (0x8)
                0x20000000                __main_stack_base__ = .
                0x20000400                . = (. + __main_stack_size__)
 *fill*         0x20000000      0x400 00
                0x20000400                . = ALIGN (0x8)
                0x20000400                __main_stack_end__ = .
                0x20000400                __process_stack_base__ = .
                0x20000400                __main_thread_stack_base__ = .
                0x20000800                . = (. + __process_stack_size__)
 *fill*         0x20000400      0x400 00
                0x20000800                . = ALIGN (0x8)
                0x20000800                __process_stack_end__ = .
                0x20000800                __main_thread_stack_end__ = .

.data           0x20000800       0xb8 load address 0x080074e8
                0x20000800                . = ALIGN (0x4)
                0x20000800                PROVIDE (_data, .)
 *(.data)
                0x20000800                . = ALIGN (0x4)
 *(.data.*)
 .data.sem1     0x20000800        0xc build/obj/testsem.o
 .data.m1       0x2000080c       0x10 build/obj/testmtx.o
 .data.m2       0x2000081c       0x10 build/obj/testmtx.o
 .data.c1       0x2000082c        0x8 build/obj/testmtx.o
 .data.mb1      0x20000834       0x28 build/obj/testmbox.o
 .data.es1      0x2000085c        0x4 build/obj/testevt.o
 .data.es2      0x20000860        0x4 build/obj/testevt.o
 .data.mp1      0x20000864        0xc build/obj/testpools.o
 .data.oq       0x20000870       0x24 build/obj/testqueues.o
 .data.iq       0x20000894       0x24 build/obj/testqueues.o
                0x200008b8                . = ALIGN (0x4)
 *(.ramtext)
                0x200008b8                . = ALIGN (0x4)
                0x200008b8                PROVIDE (_edata, .)

.igot.plt       0x200008b8        0x0 load address 0x080075a0
 .igot.plt      0x00000000        0x0 build/obj/crt0.o

.bss            0x200008b8      0xaf8 load address 0x080075a0
                0x200008b8                . = ALIGN (0x4)
                0x200008b8                PROVIDE (_bss_start, .)
 *(.bss)
                0x200008b8                . = ALIGN (0x4)
 *(.bss.*)
 .bss.mainthread.4773
                0x200008b8       0x48 build/obj/chsys.o
 .bss._idle_thread_wa
                0x20000900       0xe0 build/obj/chsys.o
                0x20000900                _idle_thread_wa
 .bss.vtlist    0x200009e0       0x10 build/obj/chvt.o
                0x200009e0                vtlist
 .bss.rlist     0x200009f0       0x1c build/obj/chschd.o
                0x200009f0                rlist
 .bss.endmem    0x20000a0c        0x4 build/obj/chmemcore.o
 .bss.nextmem   0x20000a10        0x4 build/obj/chmemcore.o
 *fill*         0x20000a14        0x4 00
 .bss.default_heap
                0x20000a18       0x20 build/obj/chheap.o
 .bss.test      0x20000a38      0x690 build/obj/test.o
                0x20000a38                test
 .bss.failpoint
                0x200010c8        0x4 build/obj/test.o
 .bss.local_fail
                0x200010cc        0x1 build/obj/test.o
 .bss.test_timer_done
                0x200010cd        0x1 build/obj/test.o
                0x200010cd                test_timer_done
 *fill*         0x200010ce        0x2 00
 .bss.tokp      0x200010d0        0x4 build/obj/test.o
 .bss.global_fail
                0x200010d4        0x1 build/obj/test.o
 *fill*         0x200010d5        0x3 00
 .bss.vt        0x200010d8       0x14 build/obj/test.o
 .bss.threads   0x200010ec       0x14 build/obj/test.o
                0x200010ec                threads
 .bss.chp       0x20001100        0x4 build/obj/test.o
 .bss.tokens_buffer
                0x20001104       0x10 build/obj/test.o
 *fill*         0x20001114        0x4 00
 .bss.test_heap
                0x20001118       0x20 build/obj/testheap.o
 .bss.mp1       0x20001138        0xc build/obj/testdyn.o
 *fill*         0x20001144        0x4 00
 .bss.heap1     0x20001148       0x20 build/obj/testdyn.o
 .bss.ib.4920   0x20001168       0x10 build/obj/testbmk.o
 .bss.iq.4921   0x20001178       0x24 build/obj/testbmk.o
 .bss.mtx1      0x2000119c       0x10 build/obj/testbmk.o
 .bss.sem1      0x200011ac        0xc build/obj/testbmk.o
 .bss.vt2.4934  0x200011b8       0x14 build/obj/testbmk.o
 .bss.vt1.4933  0x200011cc       0x14 build/obj/testbmk.o
 .bss.SD1       0x200011e0       0x7c build/obj/serial_lld.o
                0x200011e0                SD1
 *fill*         0x2000125c        0x4 00
 .bss.waThread1
                0x20001260      0x150 build/obj/main.o
                0x200013b0                . = ALIGN (0x4)
 *(COMMON)
                0x200013b0                . = ALIGN (0x4)
                0x200013b0                PROVIDE (_bss_end, .)
                0x200013b0                PROVIDE (end, .)
                0x200013b0                _end = .
                0x200013b0                __heap_base__ = _end
                0x2000a000                __heap_end__ = __ram_end__
START GROUP
LOAD /opt/ChibiStudio/tools/gcc-arm-none-eabi-4_7-2013q1/bin/../lib/gcc/arm-none-eabi/4.7.3/armv7e-m/libgcc.a
LOAD /opt/ChibiStudio/tools/gcc-arm-none-eabi-4_7-2013q1/bin/../lib/gcc/arm-none-eabi/4.7.3/../../../../arm-none-eabi/lib/armv7e-m/libg.a
LOAD /opt/ChibiStudio/tools/gcc-arm-none-eabi-4_7-2013q1/bin/../lib/gcc/arm-none-eabi/4.7.3/../../../../arm-none-eabi/lib/armv7e-m/libc.a
END GROUP
OUTPUT(build/ch.elf elf32-littlearm)

.debug_info     0x00000000    0x1b571
 .debug_info    0x00000000      0x2a9 build/obj/crt0.o
 .debug_info    0x000002a9      0x1f0 build/obj/vectors.o
 .debug_info    0x00000499      0x89b build/obj/chcore_v7m.o
 .debug_info    0x00000d34      0x455 build/obj/nvic.o
 .debug_info    0x00001189      0x8aa build/obj/chsys.o
 .debug_info    0x00001a33      0x21f build/obj/chvt.o
 .debug_info    0x00001c52      0x9eb build/obj/chschd.o
 .debug_info    0x0000263d      0xc4b build/obj/chthreads.o
 .debug_info    0x00003288      0x903 build/obj/chdynamic.o
 .debug_info    0x00003b8b      0x684 build/obj/chregistry.o
 .debug_info    0x0000420f      0xb80 build/obj/chsem.o
 .debug_info    0x00004d8f      0xa4c build/obj/chmtx.o
 .debug_info    0x000057db      0xa01 build/obj/chcond.o
 .debug_info    0x000061dc      0xe36 build/obj/chevents.o
 .debug_info    0x00007012      0x6ca build/obj/chmsg.o
 .debug_info    0x000076dc      0xad7 build/obj/chmboxes.o
 .debug_info    0x000081b3      0xc7d build/obj/chqueues.o
 .debug_info    0x00008e30      0x22f build/obj/chmemcore.o
 .debug_info    0x0000905f      0x739 build/obj/chheap.o
 .debug_info    0x00009798      0x426 build/obj/chmempools.o
 .debug_info    0x00009bbe     0x13da build/obj/test.o
 .debug_info    0x0000af98      0xd3c build/obj/testthd.o
 .debug_info    0x0000bcd4     0x1315 build/obj/testsem.o
 .debug_info    0x0000cfe9     0x1e13 build/obj/testmtx.o
 .debug_info    0x0000edfc      0x76b build/obj/testmsg.o
 .debug_info    0x0000f567     0x13b2 build/obj/testmbox.o
 .debug_info    0x00010919     0x117c build/obj/testevt.o
 .debug_info    0x00011a95      0xc4e build/obj/testheap.o
 .debug_info    0x000126e3      0x628 build/obj/testpools.o
 .debug_info    0x00012d0b     0x10fe build/obj/testdyn.o
 .debug_info    0x00013e09     0x1a65 build/obj/testqueues.o
 .debug_info    0x0001586e     0x1f1e build/obj/testbmk.o
 .debug_info    0x0001778c      0x3a2 build/obj/hal.o
 .debug_info    0x00017b2e     0x10f0 build/obj/serial.o
 .debug_info    0x00018c1e      0x44e build/obj/hal_lld.o
 .debug_info    0x0001906c      0x599 build/obj/pal_lld.o
 .debug_info    0x00019605     0x1058 build/obj/serial_lld.o
 .debug_info    0x0001a65d      0x1e8 build/obj/board.o
 .debug_info    0x0001a845      0xd2c build/obj/main.o

.debug_abbrev   0x00000000     0x5cf0
 .debug_abbrev  0x00000000       0xf4 build/obj/crt0.o
 .debug_abbrev  0x000000f4       0xb1 build/obj/vectors.o
 .debug_abbrev  0x000001a5      0x1d5 build/obj/chcore_v7m.o
 .debug_abbrev  0x0000037a       0xf2 build/obj/nvic.o
 .debug_abbrev  0x0000046c      0x220 build/obj/chsys.o
 .debug_abbrev  0x0000068c      0x133 build/obj/chvt.o
 .debug_abbrev  0x000007bf      0x340 build/obj/chschd.o
 .debug_abbrev  0x00000aff      0x368 build/obj/chthreads.o
 .debug_abbrev  0x00000e67      0x23a build/obj/chdynamic.o
 .debug_abbrev  0x000010a1      0x197 build/obj/chregistry.o
 .debug_abbrev  0x00001238      0x333 build/obj/chsem.o
 .debug_abbrev  0x0000156b      0x316 build/obj/chmtx.o
 .debug_abbrev  0x00001881      0x2fa build/obj/chcond.o
 .debug_abbrev  0x00001b7b      0x359 build/obj/chevents.o
 .debug_abbrev  0x00001ed4      0x23b build/obj/chmsg.o
 .debug_abbrev  0x0000210f      0x253 build/obj/chmboxes.o
 .debug_abbrev  0x00002362      0x34c build/obj/chqueues.o
 .debug_abbrev  0x000026ae      0x16c build/obj/chmemcore.o
 .debug_abbrev  0x0000281a      0x210 build/obj/chheap.o
 .debug_abbrev  0x00002a2a      0x225 build/obj/chmempools.o
 .debug_abbrev  0x00002c4f      0x52a build/obj/test.o
 .debug_abbrev  0x00003179      0x2aa build/obj/testthd.o
 .debug_abbrev  0x00003423      0x318 build/obj/testsem.o
 .debug_abbrev  0x0000373b      0x327 build/obj/testmtx.o
 .debug_abbrev  0x00003a62      0x22b build/obj/testmsg.o
 .debug_abbrev  0x00003c8d      0x231 build/obj/testmbox.o
 .debug_abbrev  0x00003ebe      0x308 build/obj/testevt.o
 .debug_abbrev  0x000041c6      0x22e build/obj/testheap.o
 .debug_abbrev  0x000043f4      0x1d9 build/obj/testpools.o
 .debug_abbrev  0x000045cd      0x2bc build/obj/testdyn.o
 .debug_abbrev  0x00004889      0x305 build/obj/testqueues.o
 .debug_abbrev  0x00004b8e      0x38d build/obj/testbmk.o
 .debug_abbrev  0x00004f1b      0x1d3 build/obj/hal.o
 .debug_abbrev  0x000050ee      0x2d5 build/obj/serial.o
 .debug_abbrev  0x000053c3      0x10e build/obj/hal_lld.o
 .debug_abbrev  0x000054d1      0x1b4 build/obj/pal_lld.o
 .debug_abbrev  0x00005685      0x342 build/obj/serial_lld.o
 .debug_abbrev  0x000059c7       0xe5 build/obj/board.o
 .debug_abbrev  0x00005aac      0x244 build/obj/main.o

.debug_aranges  0x00000000      0xc88
 .debug_aranges
                0x00000000       0x38 build/obj/crt0.o
 .debug_aranges
                0x00000038       0x20 build/obj/vectors.o
 .debug_aranges
                0x00000058       0x50 build/obj/chcore_v7m.o
 .debug_aranges
                0x000000a8       0x30 build/obj/nvic.o
 .debug_aranges
                0x000000d8       0x30 build/obj/chsys.o
 .debug_aranges
                0x00000108       0x30 build/obj/chvt.o
 .debug_aranges
                0x00000138       0x68 build/obj/chschd.o
 .debug_aranges
                0x000001a0       0x78 build/obj/chthreads.o
 .debug_aranges
                0x00000218       0x38 build/obj/chdynamic.o
 .debug_aranges
                0x00000250       0x28 build/obj/chregistry.o
 .debug_aranges
                0x00000278       0x70 build/obj/chsem.o
 .debug_aranges
                0x000002e8       0x58 build/obj/chmtx.o
 .debug_aranges
                0x00000340       0x60 build/obj/chcond.o
 .debug_aranges
                0x000003a0       0xa0 build/obj/chevents.o
 .debug_aranges
                0x00000440       0x30 build/obj/chmsg.o
 .debug_aranges
                0x00000470       0x70 build/obj/chmboxes.o
 .debug_aranges
                0x000004e0       0x70 build/obj/chqueues.o
 .debug_aranges
                0x00000550       0x38 build/obj/chmemcore.o
 .debug_aranges
                0x00000588       0x40 build/obj/chheap.o
 .debug_aranges
                0x000005c8       0x48 build/obj/chmempools.o
 .debug_aranges
                0x00000610       0x98 build/obj/test.o
 .debug_aranges
                0x000006a8       0x40 build/obj/testthd.o
 .debug_aranges
                0x000006e8       0x70 build/obj/testsem.o
 .debug_aranges
                0x00000758      0x108 build/obj/testmtx.o
 .debug_aranges
                0x00000860       0x28 build/obj/testmsg.o
 .debug_aranges
                0x00000888       0x28 build/obj/testmbox.o
 .debug_aranges
                0x000008b0       0x70 build/obj/testevt.o
 .debug_aranges
                0x00000920       0x28 build/obj/testheap.o
 .debug_aranges
                0x00000948       0x30 build/obj/testpools.o
 .debug_aranges
                0x00000978       0x58 build/obj/testdyn.o
 .debug_aranges
                0x000009d0       0x50 build/obj/testqueues.o
 .debug_aranges
                0x00000a20       0xd0 build/obj/testbmk.o
 .debug_aranges
                0x00000af0       0x30 build/obj/hal.o
 .debug_aranges
                0x00000b20       0x88 build/obj/serial.o
 .debug_aranges
                0x00000ba8       0x28 build/obj/hal_lld.o
 .debug_aranges
                0x00000bd0       0x28 build/obj/pal_lld.o
 .debug_aranges
                0x00000bf8       0x40 build/obj/serial_lld.o
 .debug_aranges
                0x00000c38       0x28 build/obj/board.o
 .debug_aranges
                0x00000c60       0x28 build/obj/main.o

.debug_ranges   0x00000000     0x1900
 .debug_ranges  0x00000000       0xe0 build/obj/crt0.o
 .debug_ranges  0x000000e0       0x10 build/obj/vectors.o
 .debug_ranges  0x000000f0       0x58 build/obj/chcore_v7m.o
 .debug_ranges  0x00000148       0x20 build/obj/nvic.o
 .debug_ranges  0x00000168       0x20 build/obj/chsys.o
 .debug_ranges  0x00000188       0x20 build/obj/chvt.o
 .debug_ranges  0x000001a8      0x190 build/obj/chschd.o
 .debug_ranges  0x00000338       0xc8 build/obj/chthreads.o
 .debug_ranges  0x00000400       0x28 build/obj/chdynamic.o
 .debug_ranges  0x00000428       0x30 build/obj/chregistry.o
 .debug_ranges  0x00000458      0x1c0 build/obj/chsem.o
 .debug_ranges  0x00000618      0x228 build/obj/chmtx.o
 .debug_ranges  0x00000840       0xf0 build/obj/chcond.o
 .debug_ranges  0x00000930       0xd8 build/obj/chevents.o
 .debug_ranges  0x00000a08       0x38 build/obj/chmsg.o
 .debug_ranges  0x00000a40       0x78 build/obj/chmboxes.o
 .debug_ranges  0x00000ab8       0xd8 build/obj/chqueues.o
 .debug_ranges  0x00000b90       0x28 build/obj/chmemcore.o
 .debug_ranges  0x00000bb8       0x30 build/obj/chheap.o
 .debug_ranges  0x00000be8      0x1d8 build/obj/chmempools.o
 .debug_ranges  0x00000dc0      0x190 build/obj/test.o
 .debug_ranges  0x00000f50       0x90 build/obj/testthd.o
 .debug_ranges  0x00000fe0       0xc0 build/obj/testsem.o
 .debug_ranges  0x000010a0      0x110 build/obj/testmtx.o
 .debug_ranges  0x000011b0       0x18 build/obj/testmsg.o
 .debug_ranges  0x000011c8       0xc0 build/obj/testmbox.o
 .debug_ranges  0x00001288       0x90 build/obj/testevt.o
 .debug_ranges  0x00001318       0x18 build/obj/testheap.o
 .debug_ranges  0x00001330       0x50 build/obj/testpools.o
 .debug_ranges  0x00001380       0x48 build/obj/testdyn.o
 .debug_ranges  0x000013c8      0x180 build/obj/testqueues.o
 .debug_ranges  0x00001548       0xd8 build/obj/testbmk.o
 .debug_ranges  0x00001620       0x50 build/obj/hal.o
 .debug_ranges  0x00001670       0xa8 build/obj/serial.o
 .debug_ranges  0x00001718       0x30 build/obj/hal_lld.o
 .debug_ranges  0x00001748       0xf8 build/obj/pal_lld.o
 .debug_ranges  0x00001840       0x90 build/obj/serial_lld.o
 .debug_ranges  0x000018d0       0x18 build/obj/board.o
 .debug_ranges  0x000018e8       0x18 build/obj/main.o

.debug_line     0x00000000     0x6839
 .debug_line    0x00000000      0x16b build/obj/crt0.o
 .debug_line    0x0000016b       0xe3 build/obj/vectors.o
 .debug_line    0x0000024e      0x213 build/obj/chcore_v7m.o
 .debug_line    0x00000461      0x122 build/obj/nvic.o
 .debug_line    0x00000583      0x231 build/obj/chsys.o
 .debug_line    0x000007b4      0x157 build/obj/chvt.o
 .debug_line    0x0000090b      0x328 build/obj/chschd.o
 .debug_line    0x00000c33      0x372 build/obj/chthreads.o
 .debug_line    0x00000fa5      0x258 build/obj/chdynamic.o
 .debug_line    0x000011fd      0x204 build/obj/chregistry.o
 .debug_line    0x00001401      0x37c build/obj/chsem.o
 .debug_line    0x0000177d      0x361 build/obj/chmtx.o
 .debug_line    0x00001ade      0x290 build/obj/chcond.o
 .debug_line    0x00001d6e      0x332 build/obj/chevents.o
 .debug_line    0x000020a0      0x1b3 build/obj/chmsg.o
 .debug_line    0x00002253      0x289 build/obj/chmboxes.o
 .debug_line    0x000024dc      0x3c6 build/obj/chqueues.o
 .debug_line    0x000028a2      0x18c build/obj/chmemcore.o
 .debug_line    0x00002a2e      0x29f build/obj/chheap.o
 .debug_line    0x00002ccd      0x24d build/obj/chmempools.o
 .debug_line    0x00002f1a      0x563 build/obj/test.o
 .debug_line    0x0000347d      0x264 build/obj/testthd.o
 .debug_line    0x000036e1      0x34b build/obj/testsem.o
 .debug_line    0x00003a2c      0x4fc build/obj/testmtx.o
 .debug_line    0x00003f28      0x1f6 build/obj/testmsg.o
 .debug_line    0x0000411e      0x258 build/obj/testmbox.o
 .debug_line    0x00004376      0x2f7 build/obj/testevt.o
 .debug_line    0x0000466d      0x234 build/obj/testheap.o
 .debug_line    0x000048a1      0x14c build/obj/testpools.o
 .debug_line    0x000049ed      0x332 build/obj/testdyn.o
 .debug_line    0x00004d1f      0x2c9 build/obj/testqueues.o
 .debug_line    0x00004fe8      0x5f3 build/obj/testbmk.o
 .debug_line    0x000055db      0x25e build/obj/hal.o
 .debug_line    0x00005839      0x3aa build/obj/serial.o
 .debug_line    0x00005be3      0x1d5 build/obj/hal_lld.o
 .debug_line    0x00005db8      0x1d7 build/obj/pal_lld.o
 .debug_line    0x00005f8f      0x36b build/obj/serial_lld.o
 .debug_line    0x000062fa      0x188 build/obj/board.o
 .debug_line    0x00006482      0x3b7 build/obj/main.o

.debug_str      0x00000000     0x2185
 .debug_str     0x00000000      0x21c build/obj/crt0.o
                                0x250 (size before relaxing)
 .debug_str     0x0000021c      0x145 build/obj/vectors.o
                                0x27b (size before relaxing)
 .debug_str     0x00000361      0x2db build/obj/chcore_v7m.o
                                0x423 (size before relaxing)
 .debug_str     0x0000063c       0x9e build/obj/nvic.o
                                0x24d (size before relaxing)
 .debug_str     0x000006da      0x205 build/obj/chsys.o
                                0x4fb (size before relaxing)
 .debug_str     0x000008df       0x36 build/obj/chvt.o
                                0x1ce (size before relaxing)
 .debug_str     0x00000915       0xcb build/obj/chschd.o
                                0x430 (size before relaxing)
 .debug_str     0x000009e0       0xd3 build/obj/chthreads.o
                                0x49b (size before relaxing)
 .debug_str     0x00000ab3      0x113 build/obj/chdynamic.o
                                0x412 (size before relaxing)
 .debug_str     0x00000bc6       0x42 build/obj/chregistry.o
                                0x41e (size before relaxing)
 .debug_str     0x00000c08       0xc8 build/obj/chsem.o
                                0x414 (size before relaxing)
 .debug_str     0x00000cd0       0x91 build/obj/chmtx.o
                                0x3b5 (size before relaxing)
 .debug_str     0x00000d61       0xb0 build/obj/chcond.o
                                0x402 (size before relaxing)
 .debug_str     0x00000e11      0x1b9 build/obj/chevents.o
                                0x4d9 (size before relaxing)
 .debug_str     0x00000fca       0x3d build/obj/chmsg.o
                                0x34d (size before relaxing)
 .debug_str     0x00001007       0xe2 build/obj/chmboxes.o
                                0x3dc (size before relaxing)
 .debug_str     0x000010e9      0x119 build/obj/chqueues.o
                                0x440 (size before relaxing)
 .debug_str     0x00001202       0x70 build/obj/chmemcore.o
                                0x1b9 (size before relaxing)
 .debug_str     0x00001272       0x48 build/obj/chheap.o
                                0x399 (size before relaxing)
 .debug_str     0x000012ba       0x55 build/obj/chmempools.o
                                0x207 (size before relaxing)
 .debug_str     0x0000130f      0x26a build/obj/test.o
                                0x622 (size before relaxing)
 .debug_str     0x00001579       0x6d build/obj/testthd.o
                                0x4b6 (size before relaxing)
 .debug_str     0x000015e6       0xd6 build/obj/testsem.o
                                0x572 (size before relaxing)
 .debug_str     0x000016bc      0x194 build/obj/testmtx.o
                                0x670 (size before relaxing)
 .debug_str     0x00001850       0x2b build/obj/testmsg.o
                                0x3a9 (size before relaxing)
 .debug_str     0x0000187b       0x3f build/obj/testmbox.o
                                0x425 (size before relaxing)
 .debug_str     0x000018ba       0x7f build/obj/testevt.o
                                0x5db (size before relaxing)
 .debug_str     0x00001939       0x44 build/obj/testheap.o
                                0x3e7 (size before relaxing)
 .debug_str     0x0000197d       0x4c build/obj/testpools.o
                                0x240 (size before relaxing)
 .debug_str     0x000019c9       0x86 build/obj/testdyn.o
                                0x58b (size before relaxing)
 .debug_str     0x00001a4f       0x6c build/obj/testqueues.o
                                0x512 (size before relaxing)
 .debug_str     0x00001abb      0x17f build/obj/testbmk.o
                                0x6f7 (size before relaxing)
 .debug_str     0x00001c3a      0x144 build/obj/hal.o
                                0x298 (size before relaxing)
 .debug_str     0x00001d7e      0x160 build/obj/serial.o
                                0x5a4 (size before relaxing)
 .debug_str     0x00001ede      0x12e build/obj/hal_lld.o
                                0x2cf (size before relaxing)
 .debug_str     0x0000200c       0xc9 build/obj/pal_lld.o
                                0x2ef (size before relaxing)
 .debug_str     0x000020d5       0x75 build/obj/serial_lld.o
                                0x5d4 (size before relaxing)
 .debug_str     0x0000214a       0x2a build/obj/board.o
                                0x210 (size before relaxing)
 .debug_str     0x00002174       0x11 build/obj/main.o
                                0x58d (size before relaxing)

.comment        0x00000000       0x70
 .comment       0x00000000       0x70 build/obj/crt0.o
                                 0x71 (size before relaxing)
 .comment       0x00000000       0x71 build/obj/vectors.o
 .comment       0x00000000       0x71 build/obj/chcore_v7m.o
 .comment       0x00000000       0x71 build/obj/nvic.o
 .comment       0x00000000       0x71 build/obj/chsys.o
 .comment       0x00000000       0x71 build/obj/chvt.o
 .comment       0x00000000       0x71 build/obj/chschd.o
 .comment       0x00000000       0x71 build/obj/chthreads.o
 .comment       0x00000000       0x71 build/obj/chdynamic.o
 .comment       0x00000000       0x71 build/obj/chregistry.o
 .comment       0x00000000       0x71 build/obj/chsem.o
 .comment       0x00000000       0x71 build/obj/chmtx.o
 .comment       0x00000000       0x71 build/obj/chcond.o
 .comment       0x00000000       0x71 build/obj/chevents.o
 .comment       0x00000000       0x71 build/obj/chmsg.o
 .comment       0x00000000       0x71 build/obj/chmboxes.o
 .comment       0x00000000       0x71 build/obj/chqueues.o
 .comment       0x00000000       0x71 build/obj/chmemcore.o
 .comment       0x00000000       0x71 build/obj/chheap.o
 .comment       0x00000000       0x71 build/obj/chmempools.o
 .comment       0x00000000       0x71 build/obj/test.o
 .comment       0x00000000       0x71 build/obj/testthd.o
 .comment       0x00000000       0x71 build/obj/testsem.o
 .comment       0x00000000       0x71 build/obj/testmtx.o
 .comment       0x00000000       0x71 build/obj/testmsg.o
 .comment       0x00000000       0x71 build/obj/testmbox.o
 .comment       0x00000000       0x71 build/obj/testevt.o
 .comment       0x00000000       0x71 build/obj/testheap.o
 .comment       0x00000000       0x71 build/obj/testpools.o
 .comment       0x00000000       0x71 build/obj/testdyn.o
 .comment       0x00000000       0x71 build/obj/testqueues.o
 .comment       0x00000000       0x71 build/obj/testbmk.o
 .comment       0x00000000       0x71 build/obj/hal.o
 .comment       0x00000000       0x71 build/obj/serial.o
 .comment       0x00000000       0x71 build/obj/hal_lld.o
 .comment       0x00000000       0x71 build/obj/pal_lld.o
 .comment       0x00000000       0x71 build/obj/serial_lld.o
 .comment       0x00000000       0x71 build/obj/board.o
 .comment       0x00000000       0x71 build/obj/main.o

.ARM.attributes
                0x00000000       0x33
 .ARM.attributes
                0x00000000       0x33 build/obj/crt0.o
 .ARM.attributes
                0x00000033       0x33 build/obj/vectors.o
 .ARM.attributes
                0x00000066       0x33 build/obj/chcore_v7m.o
 .ARM.attributes
                0x00000099       0x33 build/obj/nvic.o
 .ARM.attributes
                0x000000cc       0x33 build/obj/chsys.o
 .ARM.attributes
                0x000000ff       0x33 build/obj/chvt.o
 .ARM.attributes
                0x00000132       0x33 build/obj/chschd.o
 .ARM.attributes
                0x00000165       0x33 build/obj/chthreads.o
 .ARM.attributes
                0x00000198       0x33 build/obj/chdynamic.o
 .ARM.attributes
                0x000001cb       0x33 build/obj/chregistry.o
 .ARM.attributes
                0x000001fe       0x33 build/obj/chsem.o
 .ARM.attributes
                0x00000231       0x33 build/obj/chmtx.o
 .ARM.attributes
                0x00000264       0x33 build/obj/chcond.o
 .ARM.attributes
                0x00000297       0x33 build/obj/chevents.o
 .ARM.attributes
                0x000002ca       0x33 build/obj/chmsg.o
 .ARM.attributes
                0x000002fd       0x33 build/obj/chmboxes.o
 .ARM.attributes
                0x00000330       0x33 build/obj/chqueues.o
 .ARM.attributes
                0x00000363       0x33 build/obj/chmemcore.o
 .ARM.attributes
                0x00000396       0x33 build/obj/chheap.o
 .ARM.attributes
                0x000003c9       0x33 build/obj/chmempools.o
 .ARM.attributes
                0x000003fc       0x33 build/obj/test.o
 .ARM.attributes
                0x0000042f       0x33 build/obj/testthd.o
 .ARM.attributes
                0x00000462       0x33 build/obj/testsem.o
 .ARM.attributes
                0x00000495       0x33 build/obj/testmtx.o
 .ARM.attributes
                0x000004c8       0x33 build/obj/testmsg.o
 .ARM.attributes
                0x000004fb       0x33 build/obj/testmbox.o
 .ARM.attributes
                0x0000052e       0x33 build/obj/testevt.o
 .ARM.attributes
                0x00000561       0x33 build/obj/testheap.o
 .ARM.attributes
                0x00000594       0x33 build/obj/testpools.o
 .ARM.attributes
                0x000005c7       0x33 build/obj/testdyn.o
 .ARM.attributes
                0x000005fa       0x33 build/obj/testqueues.o
 .ARM.attributes
                0x0000062d       0x33 build/obj/testbmk.o
 .ARM.attributes
                0x00000660       0x33 build/obj/hal.o
 .ARM.attributes
                0x00000693       0x33 build/obj/serial.o
 .ARM.attributes
                0x000006c6       0x33 build/obj/hal_lld.o
 .ARM.attributes
                0x000006f9       0x33 build/obj/pal_lld.o
 .ARM.attributes
                0x0000072c       0x33 build/obj/serial_lld.o
 .ARM.attributes
                0x0000075f       0x33 build/obj/board.o
 .ARM.attributes
                0x00000792       0x33 build/obj/main.o

.debug_frame    0x00000000     0x202c
 .debug_frame   0x00000000       0x50 build/obj/crt0.o
 .debug_frame   0x00000050       0x20 build/obj/vectors.o
 .debug_frame   0x00000070       0x98 build/obj/chcore_v7m.o
 .debug_frame   0x00000108       0x64 build/obj/nvic.o
 .debug_frame   0x0000016c       0x5c build/obj/chsys.o
 .debug_frame   0x000001c8       0x4c build/obj/chvt.o
 .debug_frame   0x00000214       0xf0 build/obj/chschd.o
 .debug_frame   0x00000304      0x160 build/obj/chthreads.o
 .debug_frame   0x00000464       0x80 build/obj/chdynamic.o
 .debug_frame   0x000004e4       0x3c build/obj/chregistry.o
 .debug_frame   0x00000520      0x140 build/obj/chsem.o
 .debug_frame   0x00000660       0xe4 build/obj/chmtx.o
 .debug_frame   0x00000744      0x11c build/obj/chcond.o
 .debug_frame   0x00000860      0x1e0 build/obj/chevents.o
 .debug_frame   0x00000a40       0x68 build/obj/chmsg.o
 .debug_frame   0x00000aa8      0x154 build/obj/chmboxes.o
 .debug_frame   0x00000bfc      0x170 build/obj/chqueues.o
 .debug_frame   0x00000d6c       0x50 build/obj/chmemcore.o
 .debug_frame   0x00000dbc       0x98 build/obj/chheap.o
 .debug_frame   0x00000e54       0x94 build/obj/chmempools.o
 .debug_frame   0x00000ee8      0x1d0 build/obj/test.o
 .debug_frame   0x000010b8       0xc4 build/obj/testthd.o
 .debug_frame   0x0000117c      0x138 build/obj/testsem.o
 .debug_frame   0x000012b4      0x398 build/obj/testmtx.o
 .debug_frame   0x0000164c       0x48 build/obj/testmsg.o
 .debug_frame   0x00001694       0x48 build/obj/testmbox.o
 .debug_frame   0x000016dc      0x108 build/obj/testevt.o
 .debug_frame   0x000017e4       0x44 build/obj/testheap.o
 .debug_frame   0x00001828       0x50 build/obj/testpools.o
 .debug_frame   0x00001878       0xdc build/obj/testdyn.o
 .debug_frame   0x00001954       0xe4 build/obj/testqueues.o
 .debug_frame   0x00001a38      0x2b8 build/obj/testbmk.o
 .debug_frame   0x00001cf0       0x4c build/obj/hal.o
 .debug_frame   0x00001d3c      0x13c build/obj/serial.o
 .debug_frame   0x00001e78       0x3c build/obj/hal_lld.o
 .debug_frame   0x00001eb4       0x4c build/obj/pal_lld.o
 .debug_frame   0x00001f00       0x9c build/obj/serial_lld.o
 .debug_frame   0x00001f9c       0x30 build/obj/board.o
 .debug_frame   0x00001fcc       0x60 build/obj/main.o

.debug_loc      0x00000000     0x7e9c
 .debug_loc     0x00000000      0x10c build/obj/chcore_v7m.o
 .debug_loc     0x0000010c      0x1ca build/obj/nvic.o
 .debug_loc     0x000002d6       0xe2 build/obj/chsys.o
 .debug_loc     0x000003b8       0xb8 build/obj/chvt.o
 .debug_loc     0x00000470      0x33e build/obj/chschd.o
 .debug_loc     0x000007ae      0x519 build/obj/chthreads.o
 .debug_loc     0x00000cc7      0x2fa build/obj/chdynamic.o
 .debug_loc     0x00000fc1       0xb7 build/obj/chregistry.o
 .debug_loc     0x00001078      0x696 build/obj/chsem.o
 .debug_loc     0x0000170e      0x4c2 build/obj/chmtx.o
 .debug_loc     0x00001bd0      0x47d build/obj/chcond.o
 .debug_loc     0x0000204d      0x905 build/obj/chevents.o
 .debug_loc     0x00002952      0x1b9 build/obj/chmsg.o
 .debug_loc     0x00002b0b      0x68a build/obj/chmboxes.o
 .debug_loc     0x00003195      0x8cf build/obj/chqueues.o
 .debug_loc     0x00003a64      0x114 build/obj/chmemcore.o
 .debug_loc     0x00003b78      0x318 build/obj/chheap.o
 .debug_loc     0x00003e90      0x2d9 build/obj/chmempools.o
 .debug_loc     0x00004169      0x806 build/obj/test.o
 .debug_loc     0x0000496f      0x1dc build/obj/testthd.o
 .debug_loc     0x00004b4b      0x3d3 build/obj/testsem.o
 .debug_loc     0x00004f1e      0x611 build/obj/testmtx.o
 .debug_loc     0x0000552f       0x93 build/obj/testmsg.o
 .debug_loc     0x000055c2      0x61a build/obj/testmbox.o
 .debug_loc     0x00005bdc      0x2d7 build/obj/testevt.o
 .debug_loc     0x00005eb3      0x1c4 build/obj/testheap.o
 .debug_loc     0x00006077      0x129 build/obj/testpools.o
 .debug_loc     0x000061a0      0x20f build/obj/testdyn.o
 .debug_loc     0x000063af      0x841 build/obj/testqueues.o
 .debug_loc     0x00006bf0      0x5ab build/obj/testbmk.o
 .debug_loc     0x0000719b       0xa7 build/obj/hal.o
 .debug_loc     0x00007242      0x587 build/obj/serial.o
 .debug_loc     0x000077c9       0x20 build/obj/hal_lld.o
 .debug_loc     0x000077e9      0x272 build/obj/pal_lld.o
 .debug_loc     0x00007a5b      0x3d4 build/obj/serial_lld.o
 .debug_loc     0x00007e2f       0x6d build/obj/main.o

Cross Reference Table

Symbol                                            File
BusFaultVector                                    build/obj/vectors.o
DebugMonitorVector                                build/obj/vectors.o
HardFaultVector                                   build/obj/vectors.o
MemManageVector                                   build/obj/vectors.o
NMIVector                                         build/obj/vectors.o
PendSVVector                                      build/obj/vectors.o
ResetHandler                                      build/obj/crt0.o
                                                  build/obj/vectors.o
SD1                                               build/obj/serial_lld.o
                                                  build/obj/main.o
SVCallVector                                      build/obj/chcore_v7m.o
                                                  build/obj/vectors.o
SysTickVector                                     build/obj/chcore_v7m.o
                                                  build/obj/vectors.o
TestThread                                        build/obj/test.o
                                                  build/obj/main.o
UsageFaultVector                                  build/obj/vectors.o
Vector100                                         build/obj/vectors.o
Vector104                                         build/obj/vectors.o
Vector108                                         build/obj/vectors.o
Vector10C                                         build/obj/vectors.o
Vector110                                         build/obj/vectors.o
Vector114                                         build/obj/vectors.o
Vector118                                         build/obj/vectors.o
Vector11C                                         build/obj/vectors.o
Vector120                                         build/obj/vectors.o
Vector124                                         build/obj/vectors.o
Vector128                                         build/obj/vectors.o
Vector12C                                         build/obj/vectors.o
Vector130                                         build/obj/vectors.o
Vector134                                         build/obj/vectors.o
Vector138                                         build/obj/vectors.o
Vector13C                                         build/obj/vectors.o
Vector140                                         build/obj/vectors.o
Vector144                                         build/obj/vectors.o
Vector148                                         build/obj/vectors.o
Vector14C                                         build/obj/vectors.o
Vector150                                         build/obj/vectors.o
Vector154                                         build/obj/vectors.o
Vector158                                         build/obj/vectors.o
Vector15C                                         build/obj/vectors.o
Vector160                                         build/obj/vectors.o
Vector164                                         build/obj/vectors.o
Vector168                                         build/obj/vectors.o
Vector16C                                         build/obj/vectors.o
Vector170                                         build/obj/vectors.o
Vector174                                         build/obj/vectors.o
Vector178                                         build/obj/vectors.o
Vector17C                                         build/obj/vectors.o
Vector180                                         build/obj/vectors.o
Vector184                                         build/obj/vectors.o
Vector1C                                          build/obj/vectors.o
Vector20                                          build/obj/vectors.o
Vector24                                          build/obj/vectors.o
Vector28                                          build/obj/vectors.o
Vector34                                          build/obj/vectors.o
Vector40                                          build/obj/vectors.o
Vector44                                          build/obj/vectors.o
Vector48                                          build/obj/vectors.o
Vector4C                                          build/obj/vectors.o
Vector50                                          build/obj/vectors.o
Vector54                                          build/obj/vectors.o
Vector58                                          build/obj/vectors.o
Vector5C                                          build/obj/vectors.o
Vector60                                          build/obj/vectors.o
Vector64                                          build/obj/vectors.o
Vector68                                          build/obj/vectors.o
Vector6C                                          build/obj/vectors.o
Vector70                                          build/obj/vectors.o
Vector74                                          build/obj/vectors.o
Vector78                                          build/obj/vectors.o
Vector7C                                          build/obj/vectors.o
Vector80                                          build/obj/vectors.o
Vector84                                          build/obj/vectors.o
Vector88                                          build/obj/vectors.o
Vector8C                                          build/obj/vectors.o
Vector90                                          build/obj/vectors.o
Vector94                                          build/obj/vectors.o
Vector98                                          build/obj/vectors.o
Vector9C                                          build/obj/vectors.o
VectorA0                                          build/obj/vectors.o
VectorA4                                          build/obj/vectors.o
VectorA8                                          build/obj/vectors.o
VectorAC                                          build/obj/vectors.o
VectorB0                                          build/obj/vectors.o
VectorB4                                          build/obj/vectors.o
VectorB8                                          build/obj/vectors.o
VectorBC                                          build/obj/vectors.o
VectorC0                                          build/obj/vectors.o
VectorC4                                          build/obj/vectors.o
VectorC8                                          build/obj/vectors.o
VectorCC                                          build/obj/vectors.o
VectorD0                                          build/obj/vectors.o
VectorD4                                          build/obj/serial_lld.o
                                                  build/obj/vectors.o
VectorD8                                          build/obj/vectors.o
VectorDC                                          build/obj/vectors.o
VectorE0                                          build/obj/vectors.o
VectorE4                                          build/obj/vectors.o
VectorE8                                          build/obj/vectors.o
VectorEC                                          build/obj/vectors.o
VectorF0                                          build/obj/vectors.o
VectorF4                                          build/obj/vectors.o
VectorF8                                          build/obj/vectors.o
VectorFC                                          build/obj/vectors.o
__early_init                                      build/obj/board.o
                                                  build/obj/crt0.o
__fini_array_end                                  build/obj/crt0.o
__fini_array_start                                build/obj/crt0.o
__heap_base__                                     build/obj/chmemcore.o
__heap_end__                                      build/obj/chmemcore.o
__init_array_end                                  build/obj/crt0.o
__init_array_start                                build/obj/crt0.o
__late_init                                       build/obj/crt0.o
__main_stack_base__                               build/obj/crt0.o
__main_stack_end__                                build/obj/vectors.o
                                                  build/obj/crt0.o
__process_stack_base__                            build/obj/crt0.o
__process_stack_end__                             build/obj/crt0.o
_bss_end                                          build/obj/crt0.o
_bss_start                                        build/obj/crt0.o
_core_init                                        build/obj/chmemcore.o
                                                  build/obj/chsys.o
_data                                             build/obj/crt0.o
_default_exit                                     build/obj/crt0.o
_edata                                            build/obj/crt0.o
_heap_init                                        build/obj/chheap.o
                                                  build/obj/chsys.o
_idle_thread                                      build/obj/chsys.o
_idle_thread_wa                                   build/obj/chsys.o
_pal_lld_init                                     build/obj/pal_lld.o
                                                  build/obj/hal.o
_pal_lld_setgroupmode                             build/obj/pal_lld.o
                                                  build/obj/main.o
                                                  build/obj/pal.o
_port_init                                        build/obj/chcore_v7m.o
                                                  build/obj/chsys.o
_port_irq_epilogue                                build/obj/chcore_v7m.o
                                                  build/obj/serial_lld.o
_port_switch                                      build/obj/chcore_v7m.o
                                                  build/obj/chschd.o
_port_switch_from_isr                             build/obj/chcore_v7m.o
_port_thread_start                                build/obj/chcore_v7m.o
                                                  build/obj/chthreads.o
_scheduler_init                                   build/obj/chschd.o
                                                  build/obj/chsys.o
_test_assert                                      build/obj/test.o
                                                  build/obj/testqueues.o
                                                  build/obj/testdyn.o
                                                  build/obj/testpools.o
                                                  build/obj/testheap.o
                                                  build/obj/testevt.o
                                                  build/obj/testmbox.o
                                                  build/obj/testmtx.o
                                                  build/obj/testsem.o
                                                  build/obj/testthd.o
_test_assert_sequence                             build/obj/test.o
                                                  build/obj/testqueues.o
                                                  build/obj/testdyn.o
                                                  build/obj/testevt.o
                                                  build/obj/testmbox.o
                                                  build/obj/testmsg.o
                                                  build/obj/testmtx.o
                                                  build/obj/testsem.o
                                                  build/obj/testthd.o
_test_assert_time_window                          build/obj/test.o
                                                  build/obj/testevt.o
                                                  build/obj/testmtx.o
                                                  build/obj/testsem.o
                                                  build/obj/testthd.o
_test_fail                                        build/obj/test.o
_textdata                                         build/obj/crt0.o
_thread_init                                      build/obj/chthreads.o
                                                  build/obj/chsys.o
_unhandled_exception                              build/obj/vectors.o
_vectors                                          build/obj/vectors.o
_vt_init                                          build/obj/chvt.o
                                                  build/obj/chsys.o
boardInit                                         build/obj/board.o
                                                  build/obj/hal.o
chCondBroadcast                                   build/obj/chcond.o
                                                  build/obj/testmtx.o
chCondBroadcastI                                  build/obj/chcond.o
chCondInit                                        build/obj/chcond.o
                                                  build/obj/testmtx.o
chCondSignal                                      build/obj/chcond.o
                                                  build/obj/testmtx.o
chCondSignalI                                     build/obj/chcond.o
                                                  build/obj/testmtx.o
chCondWait                                        build/obj/chcond.o
                                                  build/obj/testmtx.o
chCondWaitS                                       build/obj/chcond.o
chCondWaitTimeout                                 build/obj/chcond.o
                                                  build/obj/testmtx.o
chCondWaitTimeoutS                                build/obj/chcond.o
chCoreAlloc                                       build/obj/chmemcore.o
                                                  build/obj/chheap.o
chCoreAllocI                                      build/obj/chmemcore.o
chCoreStatus                                      build/obj/chmemcore.o
                                                  build/obj/testheap.o
chEvtAddEvents                                    build/obj/chevents.o
                                                  build/obj/testevt.o
chEvtBroadcastFlags                               build/obj/chevents.o
                                                  build/obj/testevt.o
chEvtBroadcastFlagsI                              build/obj/chevents.o
                                                  build/obj/serial_lld.o
                                                  build/obj/serial.o
chEvtDispatch                                     build/obj/chevents.o
                                                  build/obj/testevt.o